Archive member included to satisfy reference by file (symbol)

/opt/Xilinx/SDK/2015.4/gnu/arm/lin/bin/../lib/gcc/arm-xilinx-linux-gnueabi/4.9.2/libgcc.a(_udivsi3.o)
                              arch/arm/cpu/armv7/zynq/built-in.o (__aeabi_uidiv)
/opt/Xilinx/SDK/2015.4/gnu/arm/lin/bin/../lib/gcc/arm-xilinx-linux-gnueabi/4.9.2/libgcc.a(_divsi3.o)
                              common/built-in.o (__aeabi_idiv)
/opt/Xilinx/SDK/2015.4/gnu/arm/lin/bin/../lib/gcc/arm-xilinx-linux-gnueabi/4.9.2/libgcc.a(_lshrdi3.o)
                              fs/built-in.o (__aeabi_llsr)
/opt/Xilinx/SDK/2015.4/gnu/arm/lin/bin/../lib/gcc/arm-xilinx-linux-gnueabi/4.9.2/libgcc.a(_ashldi3.o)
                              drivers/mmc/built-in.o (__aeabi_llsl)
/opt/Xilinx/SDK/2015.4/gnu/arm/lin/bin/../lib/gcc/arm-xilinx-linux-gnueabi/4.9.2/libgcc.a(_dvmd_lnx.o)
                              /opt/Xilinx/SDK/2015.4/gnu/arm/lin/bin/../lib/gcc/arm-xilinx-linux-gnueabi/4.9.2/libgcc.a(_udivsi3.o) (__aeabi_idiv0)

Discarded input sections

 .data          0x00000000        0x0 arch/arm/cpu/armv7/start.o
 .bss           0x00000000        0x0 arch/arm/cpu/armv7/start.o
 .text          0x00000000        0x0 api/built-in.o
 .data          0x00000000        0x0 api/built-in.o
 .bss           0x00000000        0x0 api/built-in.o
 .text          0x00000000        0x0 arch/arm/cpu/armv7/built-in.o
 .text.sdelay   0x00000000        0xc arch/arm/cpu/armv7/built-in.o
 .text.wait_on_value
                0x00000000       0x34 arch/arm/cpu/armv7/built-in.o
 .data          0x00000000        0x0 arch/arm/cpu/armv7/built-in.o
 .bss           0x00000000        0x0 arch/arm/cpu/armv7/built-in.o
 .text.zynq_get_silicon_version
                0x00000000       0x14 arch/arm/cpu/armv7/zynq/built-in.o
 .text.zynq_clk_get_name
                0x00000000       0x18 arch/arm/cpu/armv7/zynq/built-in.o
 .data          0x00000000        0x0 arch/arm/cpu/armv7/zynq/built-in.o
 .bss           0x00000000        0x0 arch/arm/cpu/armv7/zynq/built-in.o
 .text.setup_board_tags
                0x00000000        0x4 arch/arm/lib/built-in.o
 .text.flush_cache
                0x00000000        0x4 arch/arm/lib/built-in.o
 .text.flush_dcache_all
                0x00000000        0xc arch/arm/lib/built-in.o
 .text.enable_caches
                0x00000000        0xc arch/arm/lib/built-in.o
 .text.arm_init_before_mmu
                0x00000000        0x4 arch/arm/lib/built-in.o
 .text.mmu_page_table_flush
                0x00000000        0x4 arch/arm/lib/built-in.o
 .data          0x00000000        0x0 arch/arm/lib/built-in.o
 .bss           0x00000000        0x0 arch/arm/lib/built-in.o
 .text          0x00000000        0x0 board/xilinx/zynq/built-in.o
 .data          0x00000000        0x0 board/xilinx/zynq/built-in.o
 .bss           0x00000000        0x0 board/xilinx/zynq/built-in.o
 .text          0x00000000        0x0 common/built-in.o
 .text.cmd_process_error
                0x00000000       0x34 common/built-in.o
 .text.hash_block
                0x00000000       0x6c common/built-in.o
 .text.unset_local_var
                0x00000000       0xa0 common/built-in.o
 .text.cli_simple_parse_line
                0x00000000       0x88 common/built-in.o
 .text.cli_simple_run_command
                0x00000000      0x34c common/built-in.o
 .text.cli_simple_loop
                0x00000000       0x78 common/built-in.o
 .text.cli_simple_run_command_list
                0x00000000       0x70 common/built-in.o
 .text.run_command_repeatable
                0x00000000       0x1c common/built-in.o
 .text.arch_cpu_init
                0x00000000        0x8 common/built-in.o
 .text.__red_led_off
                0x00000000        0x4 common/built-in.o
 .text.__green_led_on
                0x00000000        0x4 common/built-in.o
 .text.__green_led_off
                0x00000000        0x4 common/built-in.o
 .text.__yellow_led_on
                0x00000000        0x4 common/built-in.o
 .text.__yellow_led_off
                0x00000000        0x4 common/built-in.o
 .text.__blue_led_on
                0x00000000        0x4 common/built-in.o
 .text.__blue_led_off
                0x00000000        0x4 common/built-in.o
 .text.__board_flash_wp_on
                0x00000000        0x8 common/built-in.o
 .text.fixup_cpu
                0x00000000        0x8 common/built-in.o
 .text.bootz_setup
                0x00000000       0x18 common/built-in.o
 .text.env_flags_parse_varaccess_from_binflags
                0x00000000       0x28 common/built-in.o
 .text.invalidate_icache_all
                0x00000000        0xc common/built-in.o
 .text.flush_dcache_all
                0x00000000        0xc common/built-in.o
 .text.soc_clk_dump
                0x00000000       0x18 common/built-in.o
 .text.eeprom_probe
                0x00000000        0xc common/built-in.o
 .text.eeprom_init
                0x00000000        0x4 common/built-in.o
 .text.of_bus_default_map
[...]
Memory Configuration

Name             Origin             Length             Attributes
*default*        0x00000000         0xffffffff

Linker script and memory map

Address of section .text set to 0x4000000
                0x00000000                . = 0x0
                0x00000000                . = ALIGN (0x4)

.text           0x04000000    0x42384
 *(.__image_copy_start)
 .__image_copy_start
                0x04000000        0x0 arch/arm/lib/built-in.o
                0x04000000                __image_copy_start
 *(.vectors)
 .vectors       0x04000000      0x300 arch/arm/lib/built-in.o
                0x04000000                _start
                0x04000024                _undefined_instruction
                0x04000028                _software_interrupt
                0x0400002c                _prefetch_abort
                0x04000030                _data_abort
                0x04000034                _not_used
                0x04000038                _irq
                0x0400003c                _fiq
                0x04000040                IRQ_STACK_START_IN
 arch/arm/cpu/armv7/start.o(.text*)
 .text          0x04000300      0x234 arch/arm/cpu/armv7/start.o
                0x04000300                reset
                0x040004d8                c_runtime_cpu_setup
                0x040004f0                save_boot_params
                0x040004f4                cpu_init_cp15
                0x0400052c                cpu_init_crit
 *(.text*)
 .text.syscall  0x04000534       0x6c api/built-in.o
                0x04000534                syscall
 .text.API_display_clear
                0x040005a0       0x10 api/built-in.o
 .text.API_display_draw_bitmap
                0x040005b0        0x8 api/built-in.o
 .text.API_display_get_info
                0x040005b8        0x8 api/built-in.o
 .text.API_env_enum
                0x040005c0       0xb0 api/built-in.o
 .text.API_env_set
                0x04000670       0x34 api/built-in.o
 .text.API_env_get
                0x040006a4       0x40 api/built-in.o
 .text.API_dev_write
                0x040006e4       0x68 api/built-in.o
 .text.API_dev_read
                0x0400074c       0xc0 api/built-in.o
 .text.API_dev_close
                0x0400080c       0x64 api/built-in.o
 .text.API_dev_open
                0x04000870       0x70 api/built-in.o
 .text.API_dev_enum
                0x040008e0       0x5c api/built-in.o
 .text.API_get_timer
                0x0400093c       0x38 api/built-in.o
 .text.API_udelay
                0x04000974       0x28 api/built-in.o
 .text.API_get_sys_info
                0x0400099c       0x2c api/built-in.o
 .text.API_reset
                0x040009c8       0x20 api/built-in.o
 .text.API_puts
                0x040009e8       0x24 api/built-in.o
 .text.API_tstc
                0x04000a0c       0x28 api/built-in.o
 .text.API_putc
                0x04000a34       0x28 api/built-in.o
 .text.API_getc
                0x04000a5c       0x28 api/built-in.o
 .text.api_init
                0x04000a84      0x16c api/built-in.o
                0x04000a84                api_init
 .text.platform_set_mr
                0x04000bf0       0x78 api/built-in.o
                0x04000bf0                platform_set_mr
 .text.display_get_info
                0x04000c68       0x10 api/built-in.o
                0x04000c68                display_get_info
 .text.display_draw_bitmap
                0x04000c78       0x10 api/built-in.o
                0x04000c78                display_draw_bitmap
 .text.display_clear
                0x04000c88        0x4 api/built-in.o
                0x04000c88                display_clear
 .text.dev_open_net
                0x04000c8c       0x38 api/built-in.o
                0x04000c8c                dev_open_net
 .text.dev_close_net
                0x04000cc4       0x2c api/built-in.o
                0x04000cc4                dev_close_net
 .text.dev_enum_net
                0x04000cf0       0x44 api/built-in.o
                0x04000cf0                dev_enum_net
 .text.dev_write_net
                0x04000d34        0xc api/built-in.o
                0x04000d34                dev_write_net
 .text.dev_read_net
                0x04000d40        0xc api/built-in.o
                0x04000d40                dev_read_net
 .text.dev_stor_type
                0x04000d4c       0x64 api/built-in.o
 .text.dev_stor_get
                0x04000db0      0x134 api/built-in.o
 .text.dev_stor_is_valid
                0x04000ee4       0x64 api/built-in.o
 .text.dev_stor_init
                0x04000f48       0x58 api/built-in.o
                0x04000f48                dev_stor_init
 .text.dev_enum_reset
                0x04000fa0       0x2c api/built-in.o
                0x04000fa0                dev_enum_reset
 .text.dev_enum_storage
                0x04000fcc      0x110 api/built-in.o
                0x04000fcc                dev_enum_storage
 .text.dev_open_stor
                0x040010dc       0x34 api/built-in.o
                0x040010dc                dev_open_stor
 .text.dev_close_stor
                0x04001110        0x8 api/built-in.o
                0x04001110                dev_close_stor
 .text.dev_read_stor
                0x04001118       0xb4 api/built-in.o
                0x04001118                dev_read_stor
 .text.platform_sys_info
                0x040011cc       0x24 api/built-in.o
                0x040011cc                platform_sys_info
 .text.v7_maint_dcache_all
                0x040011f0       0xd0 arch/arm/cpu/armv7/built-in.o
 .text.invalidate_icache_all
                0x040012c0       0x18 arch/arm/cpu/armv7/built-in.o
                0x040012c0                invalidate_icache_all
 .text.v7_outer_cache_enable
                0x040012d8        0x4 arch/arm/cpu/armv7/built-in.o
                0x040012d8                v7_outer_cache_enable
 .text.v7_outer_cache_disable
                0x040012dc        0x4 arch/arm/cpu/armv7/built-in.o
                0x040012dc                v7_outer_cache_disable
 .text.v7_outer_cache_flush_all
                0x040012e0        0x4 arch/arm/cpu/armv7/built-in.o
                0x040012e0                v7_outer_cache_flush_all
 .text.flush_dcache_all
                0x040012e4       0x14 arch/arm/cpu/armv7/built-in.o
                0x040012e4                flush_dcache_all
 .text.v7_outer_cache_inval_all
                0x040012f8        0x4 arch/arm/cpu/armv7/built-in.o
                0x040012f8                v7_outer_cache_inval_all
 .text.invalidate_dcache_all
                0x040012fc       0x14 arch/arm/cpu/armv7/built-in.o
                0x040012fc                invalidate_dcache_all
 .text.arm_init_before_mmu
                0x04001310       0x28 arch/arm/cpu/armv7/built-in.o
                0x04001310                arm_init_before_mmu
 .text.v7_outer_cache_flush_range
                0x04001338        0x4 arch/arm/cpu/armv7/built-in.o
                0x04001338                v7_outer_cache_flush_range
 .text.flush_dcache_range
                0x0400133c       0x3c arch/arm/cpu/armv7/built-in.o
                0x0400133c                flush_dcache_range
 .text.mmu_page_table_flush
                0x04001378       0x24 arch/arm/cpu/armv7/built-in.o
                0x04001378                mmu_page_table_flush
 .text.flush_cache
                0x0400139c        0x8 arch/arm/cpu/armv7/built-in.o
                0x0400139c                flush_cache
 .text.v7_outer_cache_inval_range
                0x040013a4        0x4 arch/arm/cpu/armv7/built-in.o
                0x040013a4                v7_outer_cache_inval_range
 .text.invalidate_dcache_range
                0x040013a8       0xac arch/arm/cpu/armv7/built-in.o
                0x040013a8                invalidate_dcache_range
 .text.cpu_cache_initialization
                0x04001454        0x4 arch/arm/cpu/armv7/built-in.o
                0x04001454                cpu_cache_initialization
 .text.cleanup_before_linux
                0x04001458       0x28 arch/arm/cpu/armv7/built-in.o
                0x04001458                cleanup_before_linux
 .text          0x04001480       0x24 arch/arm/cpu/armv7/zynq/built-in.o
                0x04001480                lowlevel_init
 .text.timer_init
                0x040014a4       0x68 arch/arm/cpu/armv7/zynq/built-in.o
                0x040014a4                timer_init
 .text.get_timer_masked
                0x0400150c       0x50 arch/arm/cpu/armv7/zynq/built-in.o
                0x0400150c                get_timer_masked
 .text.__udelay
                0x0400155c       0x90 arch/arm/cpu/armv7/zynq/built-in.o
                0x0400155c                __udelay
 .text.get_timer
                0x040015ec       0x14 arch/arm/cpu/armv7/zynq/built-in.o
                0x040015ec                get_timer
 .text.get_ticks
                0x04001600       0x10 arch/arm/cpu/armv7/zynq/built-in.o
                0x04001600                get_ticks
 .text.get_tbclk
                0x04001610        0x8 arch/arm/cpu/armv7/zynq/built-in.o
                0x04001610                get_tbclk
 .text.arch_cpu_init
                0x04001618       0x34 arch/arm/cpu/armv7/zynq/built-in.o
                0x04001618                arch_cpu_init
 .text.reset_cpu
                0x0400164c        0xc arch/arm/cpu/armv7/zynq/built-in.o
                0x0400164c                reset_cpu
 .text.enable_caches
                0x04001658        0x4 arch/arm/cpu/armv7/zynq/built-in.o
                0x04001658                enable_caches
 .text.zynq_ddrc_init
                0x0400165c       0x64 arch/arm/cpu/armv7/zynq/built-in.o
                0x0400165c                zynq_ddrc_init
 .text.zynq_slcr_lock
                0x040016c0       0x2c arch/arm/cpu/armv7/zynq/built-in.o
                0x040016c0                zynq_slcr_lock
 .text.zynq_slcr_unlock
                0x040016ec       0x2c arch/arm/cpu/armv7/zynq/built-in.o
                0x040016ec                zynq_slcr_unlock
 .text.zynq_slcr_cpu_reset
                0x04001718       0x24 arch/arm/cpu/armv7/zynq/built-in.o
                0x04001718                zynq_slcr_cpu_reset
 .text.zynq_slcr_gem_clk_setup
                0x0400173c       0x68 arch/arm/cpu/armv7/zynq/built-in.o
                0x0400173c                zynq_slcr_gem_clk_setup
 .text.zynq_slcr_devcfg_disable
                0x040017a4       0x24 arch/arm/cpu/armv7/zynq/built-in.o
                0x040017a4                zynq_slcr_devcfg_disable
 .text.zynq_slcr_devcfg_enable
                0x040017c8       0x24 arch/arm/cpu/armv7/zynq/built-in.o
                0x040017c8                zynq_slcr_devcfg_enable
 .text.zynq_slcr_get_boot_mode
                0x040017ec        0xc arch/arm/cpu/armv7/zynq/built-in.o
                0x040017ec                zynq_slcr_get_boot_mode
 .text.zynq_slcr_get_idcode
                0x040017f8       0x10 arch/arm/cpu/armv7/zynq/built-in.o
                0x040017f8                zynq_slcr_get_idcode
 .text.zynq_slcr_get_mio_pin_status
                0x04001808       0xa0 arch/arm/cpu/armv7/zynq/built-in.o
                0x04001808                zynq_slcr_get_mio_pin_status
 .text.ddr2x_get_rate
                0x040018a8       0x3c arch/arm/cpu/armv7/zynq/built-in.o
 .text.ddr3x_get_rate
                0x040018e4       0x3c arch/arm/cpu/armv7/zynq/built-in.o
 .text.zynq_clk_periph_get_rate
                0x04001920       0x7c arch/arm/cpu/armv7/zynq/built-in.o
 .text.__zynq_clk_pll_get_rate
                0x0400199c       0x20 arch/arm/cpu/armv7/zynq/built-in.o
 .text.zynq_clk_pll_get_rate
                0x040019bc        0x8 arch/arm/cpu/armv7/zynq/built-in.o
 .text.zynq_clk_periph_set_rate
                0x040019c4      0x11c arch/arm/cpu/armv7/zynq/built-in.o
 .text.zynq_clk_register_periph_clk
                0x04001ae0       0x5c arch/arm/cpu/armv7/zynq/built-in.o
 .text.zynq_clk_early_init
                0x04001b3c       0x58 arch/arm/cpu/armv7/zynq/built-in.o
                0x04001b3c                zynq_clk_early_init
 .text.get_uart_clk
                0x04001b94       0x50 arch/arm/cpu/armv7/zynq/built-in.o
                0x04001b94                get_uart_clk
 .text.set_cpu_clk_info
                0x04001be4      0x604 arch/arm/cpu/armv7/zynq/built-in.o
                0x04001be4                set_cpu_clk_info
 .text.zynq_clk_get_rate
                0x040021e8       0x20 arch/arm/cpu/armv7/zynq/built-in.o
                0x040021e8                zynq_clk_get_rate
 .text.zynq_clk_set_rate
                0x04002208       0x40 arch/arm/cpu/armv7/zynq/built-in.o
                0x04002208                zynq_clk_set_rate
 .text.soc_clk_dump
                0x04002248       0x50 arch/arm/cpu/armv7/zynq/built-in.o
                0x04002248                soc_clk_dump
 .text          0x04002298       0xe8 arch/arm/lib/built-in.o
                0x04002298                _main
                0x0400231c                relocate_code
 .text.arch_fixup_memory_node
                0x04002380        0x8 arch/arm/lib/built-in.o
                0x04002380                arch_fixup_memory_node
 .text.boot_jump_linux
                0x04002388       0xb8 arch/arm/lib/built-in.o
 .text.boot_prep_linux
                0x04002440       0x40 arch/arm/lib/built-in.o
 .text.arch_lmb_reserve
                0x04002480       0x24 arch/arm/lib/built-in.o
                0x04002480                arch_lmb_reserve
 .text.do_bootm_linux
                0x040024a4       0x5c arch/arm/lib/built-in.o
                0x040024a4                do_bootm_linux
 .text.bootz_setup
                0x04002500       0x60 arch/arm/lib/built-in.o
                0x04002500                bootz_setup
 .text.boot_prep_vxworks
                0x04002560       0x50 arch/arm/lib/built-in.o
                0x04002560                boot_prep_vxworks
 .text.boot_jump_vxworks
                0x040025b0        0xc arch/arm/lib/built-in.o
                0x040025b0                boot_jump_vxworks
 .text.interrupt_init
                0x040025bc       0x1c arch/arm/lib/built-in.o
                0x040025bc                interrupt_init
 .text.enable_interrupts
                0x040025d8        0x4 arch/arm/lib/built-in.o
                0x040025d8                enable_interrupts
 .text.disable_interrupts
                0x040025dc        0x8 arch/arm/lib/built-in.o
                0x040025dc                disable_interrupts
 .text.bad_mode
                0x040025e4       0x10 arch/arm/lib/built-in.o
                0x040025e4                bad_mode
 .text.show_regs
                0x040025f4      0x13c arch/arm/lib/built-in.o
                0x040025f4                show_regs
 .text.do_undefined_instruction
                0x04002730       0x20 arch/arm/lib/built-in.o
                0x04002730                do_undefined_instruction
 .text.do_software_interrupt
                0x04002750       0x20 arch/arm/lib/built-in.o
                0x04002750                do_software_interrupt
 .text.do_prefetch_abort
                0x04002770       0x20 arch/arm/lib/built-in.o
                0x04002770                do_prefetch_abort
 .text.do_data_abort
                0x04002790       0x20 arch/arm/lib/built-in.o
                0x04002790                do_data_abort
 .text.do_not_used
                0x040027b0       0x20 arch/arm/lib/built-in.o
                0x040027b0                do_not_used
 .text.do_fiq   0x040027d0       0x20 arch/arm/lib/built-in.o
                0x040027d0                do_fiq
 .text.do_irq   0x040027f0       0x20 arch/arm/lib/built-in.o
                0x040027f0                do_irq
 .text.do_reset
                0x04002810       0x2c arch/arm/lib/built-in.o
                0x04002810                do_reset
 .text.cp_delay
                0x0400283c       0x30 arch/arm/lib/built-in.o
 .text.arm_init_domains
                0x0400286c        0x4 arch/arm/lib/built-in.o
                0x0400286c                arm_init_domains
 .text.set_section_dcache
                0x04002870       0x14 arch/arm/lib/built-in.o
                0x04002870                set_section_dcache
 .text.mmu_set_region_dcache_behaviour
                0x04002884       0x4c arch/arm/lib/built-in.o
                0x04002884                mmu_set_region_dcache_behaviour
 .text.dram_bank_mmu_setup
                0x040028d0       0x40 arch/arm/lib/built-in.o
                0x040028d0                dram_bank_mmu_setup
 .text.icache_enable
                0x04002910       0x18 arch/arm/lib/built-in.o
                0x04002910                icache_enable
 .text.icache_disable
                0x04002928       0x1c arch/arm/lib/built-in.o
                0x04002928                icache_disable
 .text.icache_status
                0x04002944        0xc arch/arm/lib/built-in.o
                0x04002944                icache_status
 .text.dcache_enable
                0x04002950       0x70 arch/arm/lib/built-in.o
                0x04002950                dcache_enable
 .text.dcache_disable
                0x040029c0       0x2c arch/arm/lib/built-in.o
                0x040029c0                dcache_disable
 .text.dcache_status
                0x040029ec        0xc arch/arm/lib/built-in.o
                0x040029ec                dcache_status
 .text.board_init
                0x040029f8       0xd4 board/xilinx/zynq/built-in.o
                0x040029f8                board_init
 .text.board_late_init
                0x04002acc       0x9c board/xilinx/zynq/built-in.o
                0x04002acc                board_late_init
 .text.checkboard
                0x04002b68       0x18 board/xilinx/zynq/built-in.o
                0x04002b68                checkboard
 .text.board_eth_init
                0x04002b80       0x14 board/xilinx/zynq/built-in.o
                0x04002b80                board_eth_init
 .text.board_mmc_init
                0x04002b94        0xc board/xilinx/zynq/built-in.o
                0x04002b94                board_mmc_init
 .text.dram_init
                0x04002ba0       0x18 board/xilinx/zynq/built-in.o
                0x04002ba0                dram_init
 .text.g_dnl_bind_fixup
                0x04002bb8       0x64 board/xilinx/zynq/built-in.o
                0x04002bb8                g_dnl_bind_fixup
 .text.__show_boot_progress
                0x04002c1c        0x4 common/built-in.o
                0x04002c1c                __show_boot_progress
                0x04002c1c                show_boot_progress
 .text.main_loop
                0x04002c20       0x20 common/built-in.o
                0x04002c20                main_loop
 .text.find_cmd_tbl
                0x04002c40       0xa4 common/built-in.o
                0x04002c40                find_cmd_tbl
 .text.find_cmd
                0x04002ce4       0x28 common/built-in.o
                0x04002ce4                find_cmd
 .text.cmd_usage
                0x04002d0c       0x5c common/built-in.o
                0x04002d0c                cmd_usage
 .text._do_help
                0x04002d68      0x178 common/built-in.o
                0x04002d68                _do_help
 .text.var_complete
                0x04002ee0       0x7c common/built-in.o
                0x04002ee0                var_complete
 .text.cmd_auto_complete
                0x04002f5c      0x4b4 common/built-in.o
                0x04002f5c                cmd_auto_complete
 .text.cmd_get_data_size
                0x04003410       0x5c common/built-in.o
                0x04003410                cmd_get_data_size
 .text.cmd_process
                0x0400346c       0xf4 common/built-in.o
                0x0400346c                cmd_process
 .text.dummy    0x04003560        0x4 common/built-in.o
 .text.get_version
                0x04003564        0x8 common/built-in.o
                0x04003564                get_version
 .text.jumptable_init
                0x0400356c      0x1d0 common/built-in.o
                0x0400356c                jumptable_init
 .text.hash_finish_crc32
                0x0400373c       0x30 common/built-in.o
 .text.hash_update_crc32
                0x0400376c       0x24 common/built-in.o
 .text.hash_init_crc32
                0x04003790       0x24 common/built-in.o
 .text.hash_finish_sha256
                0x040037b4       0x38 common/built-in.o
 .text.hash_update_sha256
                0x040037ec       0x1c common/built-in.o
 .text.hash_init_sha256
                0x04003808       0x24 common/built-in.o
 .text.hash_lookup_algo
                0x0400382c       0x58 common/built-in.o
                0x0400382c                hash_lookup_algo
 .text.hash_show
                0x04003884       0x58 common/built-in.o
                0x04003884                hash_show
 .text.hash_command
                0x040038dc      0x174 common/built-in.o
                0x040038dc                hash_command
 .text.b_reset  0x04003a50       0x1c common/built-in.o
 .text.static_get
                0x04003a6c       0x1c common/built-in.o
 .text.static_peek
                0x04003a88        0xc common/built-in.o
 .text.file_peek
                0x04003a94        0xc common/built-in.o
 .text.mapset   0x04003aa0       0x20 common/built-in.o
 .text.syntax_err
                0x04003ac0        0xc common/built-in.o
 .text.free_pipe_list
                0x04003acc       0xf0 common/built-in.o
 .text.xmalloc  0x04003bbc       0x20 common/built-in.o
 .text.new_pipe
                0x04003bdc       0x28 common/built-in.o
 .text.xrealloc
                0x04003c04       0x20 common/built-in.o
 .text.done_command
                0x04003c24       0x88 common/built-in.o
 .text.done_pipe
                0x04003cac       0x4c common/built-in.o
 .text.done_word
                0x04003cf8      0x2d8 common/built-in.o
 .text.do_showvar
                0x04003fd0       0xfc common/built-in.o
 .text.is_assignment
                0x040040cc       0x5c common/built-in.o
 .text.file_get
                0x04004128      0x1ec common/built-in.o
 .text.b_addchr
                0x04004314       0x78 common/built-in.o
 .text.b_addqchr
                0x0400438c       0x50 common/built-in.o
 .text.get_local_var
                0x040043dc       0xa0 common/built-in.o
                0x040043dc                get_local_var
 .text.set_local_var
                0x0400447c      0x1ac common/built-in.o
                0x0400447c                set_local_var
 .text.insert_var_value_sub
                0x04004628      0x2c0 common/built-in.o
 .text.parse_string_outer
                0x040048e8       0xe4 common/built-in.o
                0x040048e8                parse_string_outer
 .text.run_list_real
                0x040049cc      0x7f4 common/built-in.o
 .text.parse_stream_outer
                0x040051c0      0x6d0 common/built-in.o
 .text.parse_file_outer
                0x04005890       0x44 common/built-in.o
                0x04005890                parse_file_outer
 .text.u_boot_hush_start
                0x040058d4       0x54 common/built-in.o
                0x040058d4                u_boot_hush_start
 .text.run_command
                0x04005928        0x8 common/built-in.o
                0x04005928                run_command
 .text.run_command_list
                0x04005930       0x5c common/built-in.o
                0x04005930                run_command_list
 .text.do_run   0x0400598c       0x74 common/built-in.o
                0x0400598c                do_run
 .text.cli_loop
                0x04005a00        0xc common/built-in.o
                0x04005a00                cli_loop
 .text.cli_init
                0x04005a0c        0x4 common/built-in.o
                0x04005a0c                cli_init
 .text.delete_char.part.0
                0x04005a10       0xd0 common/built-in.o
 .text.cread_add_char
                0x04005ae0       0xe8 common/built-in.o
 .text.cli_readline_into_buffer
                0x04005bc8      0x9c4 common/built-in.o
                0x04005bc8                cli_readline_into_buffer
 .text.cli_readline
                0x0400658c       0x14 common/built-in.o
                0x0400658c                cli_readline
 .text.hex1_bin
                0x040065a0       0x40 common/built-in.o
 .text.hex2_bin
                0x040065e0       0x38 common/built-in.o
 .text.srec_decode
                0x04006618      0x254 common/built-in.o
                0x04006618                srec_decode
 .text.CYGACC_COMM_IF_GETC_TIMEOUT.isra.0
                0x0400686c       0x5c common/built-in.o
 .text.xyzModem_flush
                0x040068c8       0x1c common/built-in.o
 .text.xyzModem_get_hdr
                0x040068e4      0x230 common/built-in.o
 .text.xyzModem_stream_open
                0x04006b14      0x23c common/built-in.o
                0x04006b14                xyzModem_stream_open
 .text.xyzModem_stream_read
                0x04006d50      0x258 common/built-in.o
                0x04006d50                xyzModem_stream_read
 .text.xyzModem_stream_close
                0x04006fa8       0x54 common/built-in.o
                0x04006fa8                xyzModem_stream_close
 .text.xyzModem_stream_terminate
                0x04006ffc       0x94 common/built-in.o
                0x04006ffc                xyzModem_stream_terminate
 .text.xyzModem_error
                0x04007090       0x20 common/built-in.o
                0x04007090                xyzModem_error
 .text.common_diskboot
                0x040070b0      0x2bc common/built-in.o
                0x040070b0                common_diskboot
 .text.bootdelay_process
                0x0400736c       0x50 common/built-in.o
                0x0400736c                bootdelay_process
 .text.autoboot_command
                0x040073bc       0xd0 common/built-in.o
                0x040073bc                autoboot_command
 .text.print_cpuinfo
                0x0400748c        0x8 common/built-in.o
 .text.trace_early_init
                0x04007494        0x8 common/built-in.o
 .text.display_text_info
                0x0400749c        0x8 common/built-in.o
 .text.setup_mon_len
                0x040074a4       0x20 common/built-in.o
 .text.reserve_round_4k
                0x040074c4       0x18 common/built-in.o
 .text.reserve_mmu
                0x040074dc       0x38 common/built-in.o
 .text.reserve_trace
                0x04007514        0x8 common/built-in.o
 .text.reserve_uboot
                0x0400751c       0x30 common/built-in.o
 .text.reserve_malloc
                0x0400754c       0x14 common/built-in.o
 .text.setup_machine
                0x04007560        0x8 common/built-in.o
 .text.reserve_global_data
                0x04007568       0x1c common/built-in.o
 .text.reserve_fdt
                0x04007584       0x4c common/built-in.o
 .text.reserve_stacks
                0x040075d0       0x34 common/built-in.o
 .text.display_new_sp
                0x04007604        0x8 common/built-in.o
 .text.setup_reloc
                0x0400760c       0x28 common/built-in.o
 .text.reloc_fdt
                0x04007634       0x30 common/built-in.o
 .text.reserve_board
                0x04007664       0x30 common/built-in.o
 .text.announce_dram_init
                0x04007694       0x18 common/built-in.o
 .text.init_func_i2c
                0x040076ac       0x28 common/built-in.o
 .text.init_baud_rate
                0x040076d4       0x2c common/built-in.o
 .text.setup_fdt
                0x04007700       0x28 common/built-in.o
 .text.mark_bootstage
                0x04007728       0x14 common/built-in.o
 .text.__coloured_LED_init
                0x0400773c        0x4 common/built-in.o
                0x0400773c                coloured_LED_init
                0x0400773c                __coloured_LED_init
 .text.__red_led_on
                0x04007740        0x4 common/built-in.o
                0x04007740                __red_led_on
                0x04007740                red_led_on
 .text.__board_add_ram_info
                0x04007744        0x4 common/built-in.o
                0x04007744                __board_add_ram_info
                0x04007744                board_add_ram_info
 .text.show_dram_config
                0x04007748       0x38 common/built-in.o
 .text.__dram_init_banksize
                0x04007780       0x20 common/built-in.o
                0x04007780                __dram_init_banksize
                0x04007780                dram_init_banksize
 .text.setup_dram_config
                0x040077a0       0x10 common/built-in.o
 .text.board_get_usable_ram_top
                0x040077b0        0x8 common/built-in.o
                0x040077b0                board_get_usable_ram_top
 .text.setup_dest_addr
                0x040077b8       0x3c common/built-in.o
 .text.board_init_f
                0x040077f4       0x4c common/built-in.o
                0x040077f4                board_init_f
 .text.bootstage_relocate
                0x04007840        0x8 common/built-in.o
 .text.initr_trace
                0x04007848        0x8 common/built-in.o
 .text.initr_reloc_global_data
                0x04007850       0x28 common/built-in.o
 .text.initr_barrier
                0x04007878        0x8 common/built-in.o
 .text.power_init_board
                0x04007880        0x8 common/built-in.o
                0x04007880                power_init_board
 .text.initr_announce
                0x04007888        0x8 common/built-in.o
 .text.initr_mmc
                0x04007890       0x20 common/built-in.o
                0x04007890                initr_mmc
 .text.run_main_loop
                0x040078b0        0xc common/built-in.o
 .text.initr_net
                0x040078bc       0x20 common/built-in.o
 .text.initr_ethaddr
                0x040078dc       0x20 common/built-in.o
 .text.initr_enable_interrupts
                0x040078fc       0x10 common/built-in.o
 .text.initr_api
                0x0400790c       0x10 common/built-in.o
 .text.initr_jumptable
                0x0400791c       0x10 common/built-in.o
 .text.initr_env
                0x0400792c       0x30 common/built-in.o
 .text.initr_malloc
                0x0400795c       0x1c common/built-in.o
 .text.initr_serial
                0x04007978       0x10 common/built-in.o
 .text.initr_caches
                0x04007988       0x10 common/built-in.o
 .text.initr_reloc
                0x04007998       0x20 common/built-in.o
 .text.__cpu_secondary_init_r
                0x040079b8        0x4 common/built-in.o
                0x040079b8                cpu_secondary_init_r
                0x040079b8                __cpu_secondary_init_r
 .text.initr_secondary_cpu
                0x040079bc       0x10 common/built-in.o
 .text.board_init_r
                0x040079cc       0x7c common/built-in.o
                0x040079cc                board_init_r
 .text.do_go_exec
                0x04007a48       0x4c common/built-in.o
                0x04007a48                do_go_exec
 .text.do_go    0x04007a94       0x6c common/built-in.o
 .text.do_bootm
                0x04007b00      0x110 common/built-in.o
                0x04007b00                do_bootm
 .text.do_bootd
                0x04007c10       0x20 common/built-in.o
                0x04007c10                do_bootd
 .text.image_info
                0x04007c30      0x124 common/built-in.o
 .text.do_iminfo
                0x04007d54       0x60 common/built-in.o
 .text.bootm_maybe_autostart
                0x04007db4       0x78 common/built-in.o
                0x04007db4                bootm_maybe_autostart
 .text.do_bootz
                0x04007e2c       0xf8 common/built-in.o
                0x04007e2c                do_bootz
 .text.bootm_find_ramdisk_fdt
                0x04007f24       0xa8 common/built-in.o
                0x04007f24                bootm_find_ramdisk_fdt
 .text.bootm_disable_interrupts
                0x04007fcc       0x18 common/built-in.o
                0x04007fcc                bootm_disable_interrupts
 .text.do_bootm_states
                0x04007fe4      0x95c common/built-in.o
                0x04007fe4                do_bootm_states
 .text.do_bootm_rtems
                0x04008940       0x70 common/built-in.o
 .text.do_bootm_standalone
                0x040089b0       0x64 common/built-in.o
 .text.do_bootm_qnxelf
                0x04008a14       0x8c common/built-in.o
 .text.do_bootm_plan9
                0x04008aa0      0x100 common/built-in.o
 .text.do_bootvx_fdt
                0x04008ba0      0x10c common/built-in.o
                0x04008ba0                do_bootvx_fdt
 .text.do_bootm_vxworks
                0x04008cac       0x54 common/built-in.o
 .text.__arch_preboot_os
                0x04008d00        0x4 common/built-in.o
                0x04008d00                arch_preboot_os
 .text.boot_selected_os
                0x04008d04       0x58 common/built-in.o
                0x04008d04                boot_selected_os
 .text.bootm_os_get_boot_func
                0x04008d5c       0x10 common/built-in.o
                0x04008d5c                bootm_os_get_boot_func
 .text.do_help  0x04008d6c       0x48 common/built-in.o
 .text.do_version
                0x04008db4       0x38 common/built-in.o
 .text.env_attr_walk
                0x04008dec      0x114 common/built-in.o
                0x04008dec                env_attr_walk
 .text.env_attr_lookup
                0x04008f00      0x18c common/built-in.o
                0x04008f00                env_attr_lookup
 .text.clear_callback
                0x0400908c       0x10 common/built-in.o
 .text.find_env_callback
                0x0400909c       0x68 common/built-in.o
 .text.on_callbacks
                0x04009104       0x48 common/built-in.o
 .text.set_callback
                0x0400914c       0x94 common/built-in.o
 .text.env_callback_init
                0x040091e0       0xc4 common/built-in.o
                0x040091e0                env_callback_init
 .text.skip_num
                0x040092a4       0x70 common/built-in.o
 .text.clear_flags
                0x04009314       0x10 common/built-in.o
 .text.on_flags
                0x04009324       0x48 common/built-in.o
 .text.env_flags_parse_vartype
                0x0400936c       0x50 common/built-in.o
                0x0400936c                env_flags_parse_vartype
 .text.env_flags_parse_varaccess
                0x040093bc       0x58 common/built-in.o
                0x040093bc                env_flags_parse_varaccess
 .text.set_flags
                0x04009414       0xac common/built-in.o
 .text.env_flags_init
                0x040094c0       0xd8 common/built-in.o
                0x040094c0                env_flags_init
 .text.env_flags_validate
                0x04009598      0x31c common/built-in.o
                0x04009598                env_flags_validate
 .text.saveenv  0x040098b4       0xdc common/built-in.o
                0x040098b4                saveenv
 .text.env_relocate_spec
                0x04009990       0xc8 common/built-in.o
                0x04009990                env_relocate_spec
 .text.env_init
                0x04009a58       0x1c common/built-in.o
                0x04009a58                env_init
 .text.source   0x04009a74      0x1c4 common/built-in.o
                0x04009a74                source
 .text.do_source
                0x04009c38       0x70 common/built-in.o
                0x04009c38                do_source
 .text.print_num
                0x04009ca8       0x18 common/built-in.o
 .text.do_bdinfo
                0x04009cc0      0x1b8 common/built-in.o
                0x04009cc0                do_bdinfo
 .text.parse_argv
                0x04009e78       0x64 common/built-in.o
 .text.do_icache
                0x04009edc       0x88 common/built-in.o
                0x04009edc                do_icache
 .text.do_dcache
                0x04009f64       0x88 common/built-in.o
                0x04009f64                do_dcache
 .text.do_clk   0x04009fec       0x68 common/built-in.o
 .text.do_clk_dump
                0x0400a054        0x4 common/built-in.o
 .text.do_coninfo
                0x0400a058       0xbc common/built-in.o
 .text.do_echo  0x0400a114       0xb0 common/built-in.o
 .text.eeprom_read
                0x0400a1c4       0x7c common/built-in.o
                0x0400a1c4                eeprom_read
 .text.eeprom_write
                0x0400a240       0x78 common/built-in.o
                0x0400a240                eeprom_write
 .text.do_eeprom
                0x0400a2b8      0x10c common/built-in.o
                0x0400a2b8                do_eeprom
 .text.load_elf_image_shdr
                0x0400a3c4       0x8c common/built-in.o
 .text.do_bootelf_exec
                0x0400a450       0x6c common/built-in.o
                0x0400a450                do_bootelf_exec
 .text.valid_elf_image
                0x0400a4bc       0x4c common/built-in.o
                0x0400a4bc                valid_elf_image
 .text.do_bootelf
                0x0400a508      0x158 common/built-in.o
                0x0400a508                do_bootelf
 .text.do_bootvx
                0x0400a660      0x288 common/built-in.o
                0x0400a660                do_bootvx
 .text.do_exit  0x0400a8e8       0x30 common/built-in.o
 .text.do_ext4_load
                0x0400a918       0x18 common/built-in.o
                0x0400a918                do_ext4_load
 .text.do_ext4_ls
                0x0400a930       0x18 common/built-in.o
                0x0400a930                do_ext4_ls
 .text.do_ext4_write
                0x0400a948       0xf0 common/built-in.o
                0x0400a948                do_ext4_write
 .text.do_ext2ls
                0x0400aa38       0x18 common/built-in.o
                0x0400aa38                do_ext2ls
 .text.do_ext2load
                0x0400aa50       0x18 common/built-in.o
                0x0400aa50                do_ext2load
 .text.do_fat_fsload
                0x0400aa68       0x18 common/built-in.o
                0x0400aa68                do_fat_fsload
 .text.do_fat_ls
                0x0400aa80       0x18 common/built-in.o
 .text.do_fat_fsinfo
                0x0400aa98       0x90 common/built-in.o
 .text.do_fat_fswrite
                0x0400ab28       0xfc common/built-in.o
 .text.fdt_valid
                0x0400ac24       0xbc common/built-in.o
 .text.is_printable_string
                0x0400ace0       0x98 common/built-in.o
 .text.print_data
                0x0400ad78      0x174 common/built-in.o
 .text.set_working_fdt_addr
                0x0400aeec       0x1c common/built-in.o
                0x0400aeec                set_working_fdt_addr
 .text.do_fdt   0x0400af08      0xe78 common/built-in.o
 .text.get_cells_len
                0x0400bd80       0x38 common/built-in.o
 .text.fdt_find_or_add_subnode.constprop.6
                0x0400bdb8       0x6c common/built-in.o
 .text.fdt_find_and_setprop
                0x0400be24       0x70 common/built-in.o
                0x0400be24                fdt_find_and_setprop
 .text.fdt_initrd
                0x0400be94      0x1d4 common/built-in.o
                0x0400be94                fdt_initrd
 .text.fdt_chosen
                0x0400c068       0xa4 common/built-in.o
                0x0400c068                fdt_chosen
 .text.do_fixup_by_path
                0x0400c10c       0x54 common/built-in.o
                0x0400c10c                do_fixup_by_path
 .text.fdt_fixup_memory_banks
                0x0400c160      0x194 common/built-in.o
                0x0400c160                fdt_fixup_memory_banks
 .text.fdt_fixup_memory
                0x0400c2f4       0x20 common/built-in.o
                0x0400c2f4                fdt_fixup_memory
 .text.fdt_fixup_ethernet
                0x0400c314      0x158 common/built-in.o
                0x0400c314                fdt_fixup_ethernet
 .text.fdt_resize
                0x0400c46c       0xcc common/built-in.o
                0x0400c46c                fdt_resize
 .text.do_fpga  0x0400c538      0x53c common/built-in.o
                0x0400c538                do_fpga
 .text.get_alen
                0x0400ca74       0x3c common/built-in.o
 .text.do_i2c_bus_num
                0x0400cab0       0xb8 common/built-in.o
                0x0400cab0                do_i2c_bus_num
 .text.do_i2c   0x0400cb68       0x68 common/built-in.o
 .text.do_i2c_reset
                0x0400cbd0       0x30 common/built-in.o
 .text.do_i2c_mw
                0x0400cc00       0xec common/built-in.o
 .text.do_i2c_read
                0x0400ccec       0xb0 common/built-in.o
 .text.do_i2c_probe
                0x0400cd9c       0x9c common/built-in.o
 .text.do_i2c_md
                0x0400ce38      0x1dc common/built-in.o
 .text.do_i2c_crc
                0x0400d014      0x118 common/built-in.o
 .text.do_i2c_show_bus
                0x0400d12c       0xd8 common/built-in.o
                0x0400d12c                do_i2c_show_bus
 .text.do_i2c_bus_speed
                0x0400d204       0x74 common/built-in.o
 .text.do_i2c_write
                0x0400d278       0xf0 common/built-in.o
 .text.do_i2c_loop
                0x0400d368       0xe0 common/built-in.o
 .text.mod_i2c_mem.isra.4
                0x0400d448      0x200 common/built-in.o
 .text.do_i2c_nm
                0x0400d648        0x8 common/built-in.o
 .text.do_i2c_mm
                0x0400d650        0x8 common/built-in.o
 .text.i2c_init_board
                0x0400d658        0x4 common/built-in.o
                0x0400d658                i2c_init_board
 .text.evalexp  0x0400d65c       0x74 common/built-in.o
 .text.evalstr  0x0400d6d0       0x6c common/built-in.o
 .text.binary_test
                0x0400d73c      0x1b0 common/built-in.o
 .text.do_itest
                0x0400d8ec       0x98 common/built-in.o
 .text.bin_data_init
                0x0400d984       0x2c common/built-in.o
 .text.k_data_save
                0x0400d9b0       0x4c common/built-in.o
 .text.k_data_restore
                0x0400d9fc       0x4c common/built-in.o
 .text.getcxmodem
                0x0400da48       0x20 common/built-in.o
 .text.load_serial_ymodem
                0x0400da68       0xcc common/built-in.o
 .text.bin_data_char
                0x0400db34       0x2c common/built-in.o
 .text.chk1.constprop.1
                0x0400db60       0x2c common/built-in.o
 .text.s1_sendpacket.constprop.2
                0x0400db8c       0x50 common/built-in.o
 .text.load_serial
                0x0400dbdc      0x1e0 common/built-in.o
 .text.do_load_serial
                0x0400ddbc       0xdc common/built-in.o
 .text.do_load_serial_bin
                0x0400de98      0x7a4 common/built-in.o
 .text.do_mem_mw
                0x0400e63c       0xc0 common/built-in.o
 .text.do_mem_loop
                0x0400e6fc       0xec common/built-in.o
 .text.do_mem_md
                0x0400e7e8       0xec common/built-in.o
 .text.do_mem_cmp
                0x0400e8d4      0x16c common/built-in.o
 .text.do_mem_base
                0x0400ea40       0x40 common/built-in.o
 .text.do_mem_cp
                0x0400ea80       0xd8 common/built-in.o
 .text.do_mem_crc
                0x0400eb58       0x48 common/built-in.o
 .text.mod_mem.isra.2
                0x0400eba0      0x164 common/built-in.o
 .text.do_mem_mm
                0x0400ed04        0x8 common/built-in.o
 .text.do_mem_nm
                0x0400ed0c        0x8 common/built-in.o
 .text.legacy_miiphy_read
                0x0400ed14       0x34 common/built-in.o
 .text.legacy_miiphy_write
                0x0400ed48       0x28 common/built-in.o
 .text.miiphy_get_dev_by_name
                0x0400ed70       0x60 common/built-in.o
                0x0400ed70                miiphy_get_dev_by_name
 .text.miiphy_init
                0x0400edd0       0x24 common/built-in.o
                0x0400edd0                miiphy_init
 .text.mdio_alloc
                0x0400edf4       0x30 common/built-in.o
                0x0400edf4                mdio_alloc
 .text.miiphy_register
                0x0400ee24      0x108 common/built-in.o
                0x0400ee24                miiphy_register
 .text.mdio_list_devices
                0x0400ef2c       0x98 common/built-in.o
                0x0400ef2c                mdio_list_devices
 .text.miiphy_set_current_dev
                0x0400efc4       0x40 common/built-in.o
                0x0400efc4                miiphy_set_current_dev
 .text.miiphy_get_active_dev
                0x0400f004       0x54 common/built-in.o
 .text.mdio_get_current_dev
                0x0400f058       0x10 common/built-in.o
                0x0400f058                mdio_get_current_dev
 .text.mdio_phydev_for_ethname
                0x0400f068       0x88 common/built-in.o
                0x0400f068                mdio_phydev_for_ethname
 .text.miiphy_get_current_dev
                0x0400f0f0       0x18 common/built-in.o
                0x0400f0f0                miiphy_get_current_dev
 .text.miiphy_read
                0x0400f108       0x4c common/built-in.o
                0x0400f108                miiphy_read
 .text.miiphy_write
                0x0400f154       0x40 common/built-in.o
                0x0400f154                miiphy_write
 .text.miiphy_listdev
                0x0400f194       0x74 common/built-in.o
                0x0400f194                miiphy_listdev
 .text.miiphy_info
                0x0400f208       0x88 common/built-in.o
                0x0400f208                miiphy_info
 .text.miiphy_speed
                0x0400f290       0x94 common/built-in.o
                0x0400f290                miiphy_speed
 .text.miiphy_duplex
                0x0400f324       0x94 common/built-in.o
                0x0400f324                miiphy_duplex
 .text.miiphy_is_1000base_x
                0x0400f3b8        0x8 common/built-in.o
                0x0400f3b8                miiphy_is_1000base_x
 .text.extract_range
                0x0400f3c0       0xe4 common/built-in.o
 .text.do_mii   0x0400f4a4      0x7a4 common/built-in.o
 .text.do_mdio  0x0400fc48      0x4b4 common/built-in.o
 .text.do_sleep
                0x040100fc       0x70 common/built-in.o
 .text.do_mmcops
                0x0401016c       0xb8 common/built-in.o
 .text.init_mmc_device
                0x04010224       0x54 common/built-in.o
 .text.do_mmc_rescan
                0x04010278       0x24 common/built-in.o
 .text.do_mmc_list
                0x0401029c       0x14 common/built-in.o
 .text.do_mmc_dev
                0x040102b0      0x134 common/built-in.o
 .text.do_mmc_part
                0x040103e4       0x5c common/built-in.o
 .text.do_mmc_erase
                0x04010440       0xe8 common/built-in.o
 .text.do_mmc_write
                0x04010528      0x100 common/built-in.o
 .text.do_mmc_read
                0x04010628       0xec common/built-in.o
 .text.do_mmcinfo
                0x04010714      0x170 common/built-in.o
 .text.do_mmc_setdsr
                0x04010884       0xb0 common/built-in.o
 .text.netboot_common
                0x04010934      0x2fc common/built-in.o
 .text.do_bootp
                0x04010c30        0xc common/built-in.o
 .text.do_tftpput
                0x04010c3c        0xc common/built-in.o
                0x04010c3c                do_tftpput
 .text.do_dhcp  0x04010c48        0xc common/built-in.o
 .text.do_nfs   0x04010c54        0xc common/built-in.o
 .text.do_tftpb
                0x04010c60       0x40 common/built-in.o
                0x04010c60                do_tftpb
 .text.do_ping  0x04010ca0       0x7c common/built-in.o
 .text.bytes_per_second
                0x04010d1c       0x50 common/built-in.o
 .text.do_spi_flash
                0x04010d6c      0x744 common/built-in.o
 .text.do_spi   0x040114b0      0x25c common/built-in.o
                0x040114b0                do_spi
 .text.atoh     0x0401170c       0x5c common/built-in.o
 .text.atoi     0x04011768       0x3c common/built-in.o
 .text.persist_test
                0x040117a4       0xa0 common/built-in.o
                0x040117a4                persist_test
 .text.read_test
                0x04011844       0x60 common/built-in.o
                0x04011844                read_test
 .text.write_test
                0x040118a4       0x5c common/built-in.o
                0x040118a4                write_test
 .text.do_membench
                0x04011900       0xd8 common/built-in.o
                0x04011900                do_membench
 .text.do_false
                0x040119d8        0x8 common/built-in.o
 .text.do_true  0x040119e0        0x8 common/built-in.o
 .text.do_test  0x040119e8      0x33c common/built-in.o
 .text.usb_get_class_desc
                0x04011d24       0xbc common/built-in.o
 .text.usb_display_class_sub
                0x04011de0      0x170 common/built-in.o
 .text.usb_find_device
                0x04011f50       0x3c common/built-in.o
 .text.usb_show_tree_graph
                0x04011f8c      0x218 common/built-in.o
 .text.usb_display_string
                0x040121a4       0x44 common/built-in.o
 .text.usb_display_config
                0x040121e8      0x20c common/built-in.o
 .text.do_usbboot
                0x040123f4        0xc common/built-in.o
 .text.usb_display_desc.part.1
                0x04012400      0x12c common/built-in.o
 .text.do_usb   0x0401252c      0x770 common/built-in.o
 .text.usb_set_maxpacket_ep
                0x04012c9c       0x70 common/built-in.o
 .text.usb_stop
                0x04012d0c       0x80 common/built-in.o
                0x04012d0c                usb_stop
 .text.usb_disable_asynch
                0x04012d8c       0x20 common/built-in.o
                0x04012d8c                usb_disable_asynch
 .text.usb_control_msg
                0x04012dac       0xc4 common/built-in.o
                0x04012dac                usb_control_msg
 .text.usb_get_descriptor
                0x04012e70       0x50 common/built-in.o
 .text.usb_get_string
                0x04012ec0       0x6c common/built-in.o
 .text.usb_string_sub
                0x04012f2c      0x108 common/built-in.o
 .text.usb_bulk_msg
                0x04013034       0x78 common/built-in.o
                0x04013034                usb_bulk_msg
 .text.usb_maxpacket
                0x040130ac       0x1c common/built-in.o
                0x040130ac                usb_maxpacket
 .text.usb_clear_halt
                0x040130c8       0x8c common/built-in.o
                0x040130c8                usb_clear_halt
 .text.usb_get_configuration_no
                0x04013154       0xbc common/built-in.o
                0x04013154                usb_get_configuration_no
 .text.usb_set_interface
                0x04013210       0xb0 common/built-in.o
                0x04013210                usb_set_interface
 .text.usb_string
                0x040132c0      0x100 common/built-in.o
                0x040132c0                usb_string
 .text.usb_get_dev_index
                0x040133c0       0x24 common/built-in.o
                0x040133c0                usb_get_dev_index
 .text.usb_alloc_new_device
                0x040133e4       0xac common/built-in.o
                0x040133e4                usb_alloc_new_device
 .text.usb_free_device
                0x04013490       0x48 common/built-in.o
                0x04013490                usb_free_device
 .text.usb_alloc_device
                0x040134d8        0x8 common/built-in.o
                0x040134d8                usb_alloc_device
 .text.usb_new_device
                0x040134e0      0x624 common/built-in.o
                0x040134e0                usb_new_device
 .text.usb_init
                0x04013b04      0x12c common/built-in.o
                0x04013b04                usb_init
 .text.board_usb_init
                0x04013c30        0x8 common/built-in.o
                0x04013c30                board_usb_init
 .text.usb_set_port_feature
                0x04013c38       0x4c common/built-in.o
 .text.usb_get_port_status
                0x04013c84       0x4c common/built-in.o
 .text.usb_clear_port_feature
                0x04013cd0       0x4c common/built-in.o
 .text.usb_hub_power_on
                0x04013d1c       0xb4 common/built-in.o
 .text.usb_get_hub_descriptor
                0x04013dd0       0x50 common/built-in.o
 .text.usb_hub_reset_devices
                0x04013e20        0x4 common/built-in.o
                0x04013e20                usb_hub_reset_devices
 .text.usb_hub_reset
                0x04013e24       0x14 common/built-in.o
                0x04013e24                usb_hub_reset
 .text.hub_port_reset
                0x04013e38       0xac common/built-in.o
                0x04013e38                hub_port_reset
 .text.usb_hub_port_connect_change
                0x04013ee4      0x124 common/built-in.o
                0x04013ee4                usb_hub_port_connect_change
 .text.usb_hub_configure
                0x04014008      0x2d8 common/built-in.o
 .text.usb_hub_probe
                0x040142e0       0x64 common/built-in.o
                0x040142e0                usb_hub_probe
 .text.usb_stor_irq
                0x04014344       0x1c common/built-in.o
 .text.usb_stor_BBB_reset
                0x04014360       0xd0 common/built-in.o
 .text.usb_stor_CB_reset
                0x04014430       0xcc common/built-in.o
 .text.usb_stor_BBB_clear_endpt_stall.isra.2
                0x040144fc       0x40 common/built-in.o
 .text.usb_stor_BBB_transport
                0x0401453c      0x260 common/built-in.o
 .text.usb_stor_CB_comdat
                0x0401479c      0x20c common/built-in.o
 .text.usb_stor_CBI_get_status.isra.4
                0x040149a8       0xc8 common/built-in.o
 .text.usb_stor_CB_transport
                0x04014a70      0x228 common/built-in.o
 .text.usb_request_sense.constprop.10
                0x04014c98       0x70 common/built-in.o
 .text.usb_stor_write
                0x04014d08      0x1c8 common/built-in.o
                0x04014d08                usb_stor_write
 .text.usb_stor_read
                0x04014ed0      0x1c8 common/built-in.o
                0x04014ed0                usb_stor_read
 .text.usb_stor_get_dev
                0x04015098       0x28 common/built-in.o
                0x04015098                usb_stor_get_dev
 .text.usb_stor_info
                0x040150c0       0x74 common/built-in.o
                0x040150c0                usb_stor_info
 .text.usb_storage_probe
                0x04015134      0x210 common/built-in.o
                0x04015134                usb_storage_probe
 .text.usb_stor_get_info
                0x04015344      0x324 common/built-in.o
                0x04015344                usb_stor_get_info
 .text.usb_stor_scan
                0x04015668      0x1fc common/built-in.o
                0x04015668                usb_stor_scan
 .text.do_thor_down
                0x04015864      0x100 common/built-in.o
                0x04015864                do_thor_down
 .text.do_imgextract
                0x04015964      0x3b0 common/built-in.o
 .text.do_spl   0x04015d14      0x1a0 common/built-in.o
 .text.do_dfu   0x04015eb4       0xf4 common/built-in.o
 .text.do_env_delete
                0x04015fa8       0x9c common/built-in.o
 .text.do_env_save
                0x04016044       0x2c common/built-in.o
 .text.do_env   0x04016070       0x68 common/built-in.o
 .text.env_print
                0x040160d8       0xc0 common/built-in.o
 .text.do_env_print
                0x04016198       0xc8 common/built-in.o
 .text.do_env_import
                0x04016260      0x260 common/built-in.o
 .text.do_env_default
                0x040164c0       0xa8 common/built-in.o
 .text._do_env_set.isra.1
                0x04016568      0x1b8 common/built-in.o
 .text.do_env_set
                0x04016720       0x1c common/built-in.o
 .text.get_env_id
                0x0401673c       0x10 common/built-in.o
                0x0401673c                get_env_id
 .text.setenv   0x0401674c       0x58 common/built-in.o
                0x0401674c                setenv
 .text.setenv_ulong
                0x040167a4       0x20 common/built-in.o
                0x040167a4                setenv_ulong
 .text.setenv_hex
                0x040167c4       0x34 common/built-in.o
                0x040167c4                setenv_hex
 .text.do_env_export
                0x040167f8      0x268 common/built-in.o
 .text.envmatch
                0x04016a60       0x6c common/built-in.o
                0x04016a60                envmatch
 .text.getenv_f
                0x04016acc       0xc8 common/built-in.o
                0x04016acc                getenv_f
 .text.getenv   0x04016b94       0x78 common/built-in.o
                0x04016b94                getenv
 .text.getenv_hex
                0x04016c0c       0x3c common/built-in.o
                0x04016c0c                getenv_hex
 .text.getenv_ulong
                0x04016c48       0x30 common/built-in.o
                0x04016c48                getenv_ulong
 .text.do_env_edit
                0x04016c78       0x78 common/built-in.o
 .text.__env_get_char_spec
                0x04016cf0        0xc common/built-in.o
                0x04016cf0                env_get_char_spec
 .text.env_get_addr
                0x04016cfc       0x20 common/built-in.o
                0x04016cfc                env_get_addr
 .text.env_get_char_memory
                0x04016d1c       0x10 common/built-in.o
                0x04016d1c                env_get_char_memory
 .text.env_get_char
                0x04016d2c       0x30 common/built-in.o
                0x04016d2c                env_get_char
 .text.getenv_yesno
                0x04016d5c       0x40 common/built-in.o
                0x04016d5c                getenv_yesno
 .text.getenv_default
                0x04016d9c       0x30 common/built-in.o
                0x04016d9c                getenv_default
 .text.set_default_env
                0x04016dcc       0xbc common/built-in.o
                0x04016dcc                set_default_env
 .text.set_default_vars
                0x04016e88       0x34 common/built-in.o
                0x04016e88                set_default_vars
 .text.env_import
                0x04016ebc       0xe0 common/built-in.o
                0x04016ebc                env_import
 .text.env_export
                0x04016f9c       0xa4 common/built-in.o
                0x04016f9c                env_export
 .text.env_relocate
                0x04017040       0x30 common/built-in.o
                0x04017040                env_relocate
 .text.env_complete
                0x04017070       0xdc common/built-in.o
                0x04017070                env_complete
 .text.console_setfile
                0x0401714c       0xa4 common/built-in.o
 .text.fgetc    0x040171f0       0x24 common/built-in.o
                0x040171f0                fgetc
 .text.ftstc    0x04017214       0x24 common/built-in.o
                0x04017214                ftstc
 .text.getc     0x04017238       0x24 common/built-in.o
                0x04017238                getc
 .text.tstc     0x0401725c       0x24 common/built-in.o
                0x0401725c                tstc
 .text.putc     0x04017280       0x30 common/built-in.o
                0x04017280                putc
 .text.puts     0x040172b0       0x30 common/built-in.o
                0x040172b0                puts
 .text.printf   0x040172e0       0x58 common/built-in.o
                0x040172e0                printf
 .text.vprintf  0x04017338       0x44 common/built-in.o
                0x04017338                vprintf
 .text.ctrlc    0x0401737c       0x58 common/built-in.o
                0x0401737c                ctrlc
 .text.had_ctrlc
                0x040173d4       0x10 common/built-in.o
                0x040173d4                had_ctrlc
 .text.clear_ctrlc
                0x040173e4       0x14 common/built-in.o
                0x040173e4                clear_ctrlc
 .text.search_device
                0x040173f8       0x28 common/built-in.o
                0x040173f8                search_device
 .text.console_assign
                0x04017420       0x48 common/built-in.o
                0x04017420                console_assign
 .text.on_console
                0x04017468       0xc0 common/built-in.o
 .text.console_init_f
                0x04017528       0x10 common/built-in.o
                0x04017528                console_init_f
 .text.stdio_print_current_devices
                0x04017538       0xb0 common/built-in.o
                0x04017538                stdio_print_current_devices
 .text.console_init_r
                0x040175e8       0xe0 common/built-in.o
                0x040175e8                console_init_r
 .text.sbrk     0x040176c8       0x70 common/built-in.o
                0x040176c8                sbrk
 .text.mem_malloc_init
                0x04017738       0x34 common/built-in.o
                0x04017738                mem_malloc_init
 .text.malloc_trim
                0x0401776c       0xcc common/built-in.o
                0x0401776c                malloc_trim
 .text.free     0x04017838      0x230 common/built-in.o
                0x04017838                free
 .text.malloc   0x04017a68      0x608 common/built-in.o
                0x04017a68                malloc
 .text.calloc   0x04018070       0xd4 common/built-in.o
                0x04018070                calloc
 .text.realloc  0x04018144      0x4b8 common/built-in.o
                0x04018144                realloc
 .text.memalign
                0x040185fc      0x10c common/built-in.o
                0x040185fc                memalign
 .text.on_loadaddr
                0x04018708       0x38 common/built-in.o
 .text.image_check_hcrc
                0x04018740       0x4c common/built-in.o
                0x04018740                image_check_hcrc
 .text.image_check_dcrc
                0x0401878c       0x38 common/built-in.o
                0x0401878c                image_check_dcrc
 .text.image_multi_count
                0x040187c4       0x1c common/built-in.o
                0x040187c4                image_multi_count
 .text.image_multi_getimg
                0x040187e0       0x7c common/built-in.o
                0x040187e0                image_multi_getimg
 .text.getenv_bootm_low
                0x0401885c       0x30 common/built-in.o
                0x0401885c                getenv_bootm_low
 .text.getenv_bootm_size
                0x0401888c       0x5c common/built-in.o
                0x0401888c                getenv_bootm_size
 .text.getenv_bootm_mapsize
                0x040188e8       0x30 common/built-in.o
                0x040188e8                getenv_bootm_mapsize
 .text.memmove_wd
                0x04018918        0xc common/built-in.o
                0x04018918                memmove_wd
 .text.genimg_print_size
                0x04018924       0x30 common/built-in.o
                0x04018924                genimg_print_size
 .text.get_table_entry_name
                0x04018954       0x2c common/built-in.o
                0x04018954                get_table_entry_name
 .text.genimg_get_os_name
                0x04018980       0x18 common/built-in.o
                0x04018980                genimg_get_os_name
 .text.genimg_get_arch_name
                0x04018998       0x18 common/built-in.o
                0x04018998                genimg_get_arch_name
 .text.genimg_get_type_name
                0x040189b0       0x18 common/built-in.o
                0x040189b0                genimg_get_type_name
 .text.genimg_get_comp_name
                0x040189c8       0x18 common/built-in.o
                0x040189c8                genimg_get_comp_name
 .text.image_print_contents
                0x040189e0      0x174 common/built-in.o
                0x040189e0                image_print_contents
 .text.get_table_entry_id
                0x04018b54       0x4c common/built-in.o
                0x04018b54                get_table_entry_id
 .text.genimg_get_os_id
                0x04018ba0       0x18 common/built-in.o
                0x04018ba0                genimg_get_os_id
 .text.genimg_get_arch_id
                0x04018bb8       0x18 common/built-in.o
                0x04018bb8                genimg_get_arch_id
 .text.genimg_get_type_id
                0x04018bd0       0x18 common/built-in.o
                0x04018bd0                genimg_get_type_id
 .text.genimg_get_comp_id
                0x04018be8       0x18 common/built-in.o
                0x04018be8                genimg_get_comp_id
 .text.genimg_get_format
                0x04018c00       0x34 common/built-in.o
                0x04018c00                genimg_get_format
 .text.genimg_get_image
                0x04018c34        0x4 common/built-in.o
                0x04018c34                genimg_get_image
 .text.genimg_has_config
                0x04018c38       0x10 common/built-in.o
                0x04018c38                genimg_has_config
 .text.boot_get_ramdisk
                0x04018c48      0x338 common/built-in.o
                0x04018c48                boot_get_ramdisk
 .text.boot_ramdisk_high
                0x04018f80      0x130 common/built-in.o
                0x04018f80                boot_ramdisk_high
 .text.image_setup_linux
                0x040190b0       0x8c common/built-in.o
                0x040190b0                image_setup_linux
 .text.fdt_error
                0x0401913c       0x2c common/built-in.o
 .text.boot_fdt_add_mem_rsv_regions
                0x04019168       0x88 common/built-in.o
                0x04019168                boot_fdt_add_mem_rsv_regions
 .text.boot_relocate_fdt
                0x040191f0      0x194 common/built-in.o
                0x040191f0                boot_relocate_fdt
 .text.boot_get_fdt
                0x04019384      0x38c common/built-in.o
                0x04019384                boot_get_fdt
 .text.ft_verify_fdt
                0x04019710        0x8 common/built-in.o
                0x04019710                ft_verify_fdt
 .text.image_setup_libfdt
                0x04019718       0xd0 common/built-in.o
                0x04019718                image_setup_libfdt
 .text.fit_parse_conf
                0x040197e8       0x64 common/built-in.o
                0x040197e8                fit_parse_conf
 .text.fit_parse_subimage
                0x0401984c       0x64 common/built-in.o
                0x0401984c                fit_parse_subimage
 .text.fit_get_desc
                0x040198b0       0x30 common/built-in.o
                0x040198b0                fit_get_desc
 .text.fit_image_get_node
                0x040198e0       0x30 common/built-in.o
                0x040198e0                fit_image_get_node
 .text.fit_image_get_os
                0x04019910       0x3c common/built-in.o
                0x04019910                fit_image_get_os
 .text.fit_image_get_arch
                0x0401994c       0x3c common/built-in.o
                0x0401994c                fit_image_get_arch
 .text.fit_image_get_type
                0x04019988       0x3c common/built-in.o
                0x04019988                fit_image_get_type
 .text.fit_image_get_comp
                0x040199c4       0x3c common/built-in.o
                0x040199c4                fit_image_get_comp
 .text.fit_image_get_load
                0x04019a00       0x38 common/built-in.o
                0x04019a00                fit_image_get_load
 .text.fit_image_get_entry
                0x04019a38       0x38 common/built-in.o
                0x04019a38                fit_image_get_entry
 .text.fit_image_get_data
                0x04019a70       0x40 common/built-in.o
                0x04019a70                fit_image_get_data
 .text.fit_image_hash_get_algo
                0x04019ab0       0x30 common/built-in.o
                0x04019ab0                fit_image_hash_get_algo
 .text.fit_image_hash_get_value
                0x04019ae0       0x40 common/built-in.o
                0x04019ae0                fit_image_hash_get_value
 .text.fit_image_print_data
                0x04019b20      0x140 common/built-in.o
 .text.fit_image_print
                0x04019c60      0x334 common/built-in.o
                0x04019c60                fit_image_print
 .text.calculate_hash
                0x04019f94       0xfc common/built-in.o
                0x04019f94                calculate_hash
 .text.fit_image_verify
                0x0401a090      0x218 common/built-in.o
                0x0401a090                fit_image_verify
 .text.fit_all_image_verify
                0x0401a2a8       0xe4 common/built-in.o
                0x0401a2a8                fit_all_image_verify
 .text.fit_image_check_os
                0x0401a38c       0x30 common/built-in.o
                0x0401a38c                fit_image_check_os
 .text.fit_image_check_arch
                0x0401a3bc       0x30 common/built-in.o
                0x0401a3bc                fit_image_check_arch
 .text.fit_image_check_type
                0x0401a3ec       0x30 common/built-in.o
                0x0401a3ec                fit_image_check_type
 .text.fit_image_check_comp
                0x0401a41c       0x30 common/built-in.o
                0x0401a41c                fit_image_check_comp
 .text.fit_check_format
                0x0401a44c       0x40 common/built-in.o
                0x0401a44c                fit_check_format
 .text.fit_conf_get_node
                0x0401a48c       0x68 common/built-in.o
                0x0401a48c                fit_conf_get_node
 .text.fit_conf_get_prop_node
                0x0401a4f4       0x2c common/built-in.o
                0x0401a4f4                fit_conf_get_prop_node
 .text.fit_conf_print
                0x0401a520      0x108 common/built-in.o
                0x0401a520                fit_conf_print
 .text.fit_print_contents
                0x0401a628      0x1dc common/built-in.o
                0x0401a628                fit_print_contents
 .text.fit_image_select
                0x0401a804       0x6c common/built-in.o
                0x0401a804                fit_image_select
 .text.fit_get_node_from_config
                0x0401a870       0x44 common/built-in.o
                0x0401a870                fit_get_node_from_config
 .text.fit_image_load
                0x0401a8b4      0x4a8 common/built-in.o
                0x0401a8b4                fit_image_load
 .text.get_effective_memsize
                0x0401ad5c        0x8 common/built-in.o
                0x0401ad5c                get_effective_memsize
 .text.stdio_get_list
                0x0401ad64        0xc common/built-in.o
                0x0401ad64                stdio_get_list
 .text.stdio_get_by_name
                0x0401ad70       0x5c common/built-in.o
                0x0401ad70                stdio_get_by_name
 .text.stdio_clone
                0x0401adcc       0x38 common/built-in.o
                0x0401adcc                stdio_clone
 .text.stdio_register
                0x0401ae04       0x3c common/built-in.o
                0x0401ae04                stdio_register
 .text.stdio_init
                0x0401ae40       0x90 common/built-in.o
                0x0401ae40                stdio_init
 .text.get_dev_hwpart
                0x0401aed0       0xb0 disk/built-in.o
                0x0401aed0                get_dev_hwpart
 .text.get_dev  0x0401af80        0x8 disk/built-in.o
                0x0401af80                get_dev
 .text.dev_print
                0x0401af88      0x204 disk/built-in.o
                0x0401af88                dev_print
 .text.init_part
                0x0401b18c       0x20 disk/built-in.o
                0x0401b18c                init_part
 .text.print_part
                0x0401b1ac       0xf4 disk/built-in.o
                0x0401b1ac                print_part
 .text.get_partition_info
                0x0401b2a0       0x2c disk/built-in.o
                0x0401b2a0                get_partition_info
 .text.get_device
                0x0401b2cc      0x114 disk/built-in.o
                0x0401b2cc                get_device
 .text.get_device_and_partition
                0x0401b3e0      0x450 disk/built-in.o
                0x0401b3e0                get_device_and_partition
 .text.test_block_type
                0x0401b830       0x84 disk/built-in.o
 .text.print_partition_extended
                0x0401b8b4      0x274 disk/built-in.o
 .text.get_partition_info_extended.constprop.2
                0x0401bb28      0x2dc disk/built-in.o
 .text.test_part_dos
                0x0401be04       0x64 disk/built-in.o
                0x0401be04                test_part_dos
 .text.print_part_dos
                0x0401be68       0x34 disk/built-in.o
                0x0401be68                print_part_dos
 .text.get_partition_info_dos
                0x0401be9c       0x20 disk/built-in.o
                0x0401be9c                get_partition_info_dos
 .text.fpga_no_sup
                0x0401bebc       0x4c drivers/built-in.o
 .text.fpga_get_desc
                0x0401bf08       0x34 drivers/built-in.o
                0x0401bf08                fpga_get_desc
 .text.fpga_dev_info
                0x0401bf3c       0x94 drivers/built-in.o
 .text.fpga_validate
                0x0401bfd0       0x54 drivers/built-in.o
                0x0401bfd0                fpga_validate
 .text.fpga_init
                0x0401c024       0x20 drivers/built-in.o
                0x0401c024                fpga_init
 .text.fpga_count
                0x0401c044       0x10 drivers/built-in.o
                0x0401c044                fpga_count
 .text.fpga_add
                0x0401c054       0xa0 drivers/built-in.o
                0x0401c054                fpga_add
 .text.fpga_loadbitstream
                0x0401c0f4      0x274 drivers/built-in.o
                0x0401c10c                fpga_loadbitstream
 .text.fpga_fsload
                0x0401c368       0x60 drivers/built-in.o
                0x0401c368                fpga_fsload
 .text.fpga_load
                0x0401c3c8       0x94 drivers/built-in.o
                0x0401c3c8                fpga_load
 .text.fpga_dump
                0x0401c45c       0x8c drivers/built-in.o
                0x0401c45c                fpga_dump
 .text.fpga_info
                0x0401c4e8       0x74 drivers/built-in.o
                0x0401c4e8                fpga_info
 .text.zynq_info
                0x0401c55c        0x8 drivers/built-in.o
 .text.zynq_dump
                0x0401c564        0x8 drivers/built-in.o
 .text.zynq_dma_transfer.constprop.4
                0x0401c56c       0x98 drivers/built-in.o
 .text.load_word
                0x0401c604       0x48 drivers/built-in.o
 .text.zynq_align_dma_buffer
                0x0401c64c       0xc4 drivers/built-in.o
 .text.zynq_validate_bitstream.isra.3
                0x0401c710      0x250 drivers/built-in.o
 .text.zynq_loadfs
                0x0401c960      0x1a4 drivers/built-in.o
 .text.zynq_load
                0x0401cb04       0xd4 drivers/built-in.o
 .text.xilinx_validate
                0x0401cbd8       0x7c drivers/built-in.o
 .text.xilinx_load
                0x0401cc54       0x84 drivers/built-in.o
                0x0401cc54                xilinx_load
 .text.xilinx_loadfs
                0x0401ccd8       0x7c drivers/built-in.o
                0x0401ccd8                xilinx_loadfs
 .text.xilinx_dump
                0x0401cd54       0x78 drivers/built-in.o
                0x0401cd54                xilinx_dump
 .text.xilinx_info
                0x0401cdcc      0x1c8 drivers/built-in.o
                0x0401cdcc                xilinx_info
 .text.dfu_write_buffer_drain
                0x0401cf94       0xa8 drivers/built-in.o
 .text.dfu_reset
                0x0401d03c       0x10 drivers/built-in.o
                0x0401d03c                dfu_reset
 .text.dfu_trigger_reset
                0x0401d04c       0x14 drivers/built-in.o
                0x0401d04c                dfu_trigger_reset
 .text.dfu_free_buf
                0x0401d060       0x20 drivers/built-in.o
                0x0401d060                dfu_free_buf
 .text.dfu_get_buf_size
                0x0401d080       0x10 drivers/built-in.o
                0x0401d080                dfu_get_buf_size
 .text.dfu_get_buf
                0x0401d090       0x84 drivers/built-in.o
                0x0401d090                dfu_get_buf
 .text.dfu_flush
                0x0401d114       0x9c drivers/built-in.o
                0x0401d114                dfu_flush
 .text.dfu_write
                0x0401d1b0      0x16c drivers/built-in.o
                0x0401d1b0                dfu_write
 .text.dfu_read
                0x0401d31c      0x2b0 drivers/built-in.o
                0x0401d31c                dfu_read
 .text.dfu_free_entities
                0x0401d5cc       0x84 drivers/built-in.o
                0x0401d5cc                dfu_free_entities
 .text.dfu_config_entities
                0x0401d650      0x240 drivers/built-in.o
                0x0401d650                dfu_config_entities
 .text.dfu_init_env_entities
                0x0401d890       0x90 drivers/built-in.o
                0x0401d890                dfu_init_env_entities
 .text.dfu_get_dev_type
                0x0401d920       0x3c drivers/built-in.o
                0x0401d920                dfu_get_dev_type
 .text.dfu_get_layout
                0x0401d95c       0x3c drivers/built-in.o
                0x0401d95c                dfu_get_layout
 .text.dfu_show_entities
                0x0401d998       0x74 drivers/built-in.o
                0x0401d998                dfu_show_entities
 .text.dfu_get_alt_number
                0x0401da0c       0x10 drivers/built-in.o
                0x0401da0c                dfu_get_alt_number
 .text.dfu_get_entity
                0x0401da1c       0x40 drivers/built-in.o
                0x0401da1c                dfu_get_entity
 .text.dfu_get_alt
                0x0401da5c       0x64 drivers/built-in.o
                0x0401da5c                dfu_get_alt
 .text.mmc_file_op
                0x0401dac0      0x19c drivers/built-in.o
 .text.mmc_access_part.isra.0
                0x0401dc5c       0x68 drivers/built-in.o
 .text.mmc_block_op
                0x0401dcc4      0x1bc drivers/built-in.o
 .text.dfu_write_medium_mmc
                0x0401de80       0xb4 drivers/built-in.o
                0x0401de80                dfu_write_medium_mmc
 .text.dfu_flush_medium_mmc
                0x0401df34       0x44 drivers/built-in.o
                0x0401df34                dfu_flush_medium_mmc
 .text.dfu_get_medium_size_mmc
                0x0401df78       0x74 drivers/built-in.o
                0x0401df78                dfu_get_medium_size_mmc
 .text.dfu_read_medium_mmc
                0x0401dfec       0x6c drivers/built-in.o
                0x0401dfec                dfu_read_medium_mmc
 .text.dfu_fill_entity_mmc
                0x0401e058      0x2a4 drivers/built-in.o
                0x0401e058                dfu_fill_entity_mmc
 .text.dfu_get_medium_size_ram
                0x0401e2fc        0x8 drivers/built-in.o
                0x0401e2fc                dfu_get_medium_size_ram
 .text.dfu_write_medium_ram
                0x0401e304       0x9c drivers/built-in.o
 .text.dfu_read_medium_ram
                0x0401e3a0       0x9c drivers/built-in.o
 .text.dfu_fill_entity_ram
                0x0401e43c       0xe8 drivers/built-in.o
                0x0401e43c                dfu_fill_entity_ram
 .text.i2c_get_adapter
                0x0401e524       0x64 drivers/i2c/built-in.o
                0x0401e524                i2c_get_adapter
 .text.i2c_init_bus
                0x0401e588       0x90 drivers/i2c/built-in.o
 .text.i2c_get_bus_num
                0x0401e618        0x8 drivers/i2c/built-in.o
                0x0401e618                i2c_get_bus_num
 .text.i2c_set_bus_num
                0x0401e620       0xbc drivers/i2c/built-in.o
                0x0401e620                i2c_set_bus_num
 .text.i2c_init_all
                0x0401e6dc       0x14 drivers/i2c/built-in.o
                0x0401e6dc                i2c_init_all
 .text.i2c_probe
                0x0401e6f0       0x2c drivers/i2c/built-in.o
                0x0401e6f0                i2c_probe
 .text.i2c_read
                0x0401e71c       0x4c drivers/i2c/built-in.o
                0x0401e71c                i2c_read
 .text.i2c_write
                0x0401e768       0x4c drivers/i2c/built-in.o
                0x0401e768                i2c_write
 .text.i2c_set_bus_speed
                0x0401e7b4       0x64 drivers/i2c/built-in.o
                0x0401e7b4                i2c_set_bus_speed
 .text.i2c_get_bus_speed
                0x0401e818       0x14 drivers/i2c/built-in.o
                0x0401e818                i2c_get_bus_speed
 .text.__i2c_init
                0x0401e82c       0x14 drivers/i2c/built-in.o
                0x0401e82c                __i2c_init
                0x0401e82c                i2c_init
 .text.zynq_i2c_init
                0x0401e840       0x34 drivers/i2c/built-in.o
 .text.zynq_i2c_set_bus_speed
                0x0401e874       0x18 drivers/i2c/built-in.o
 .text.zynq_i2c_wait
                0x0401e88c       0x34 drivers/i2c/built-in.o
 .text.zynq_i2c_write
                0x0401e8c0      0x104 drivers/i2c/built-in.o
 .text.zynq_i2c_read
                0x0401e9c4      0x130 drivers/i2c/built-in.o
 .text.zynq_i2c_probe
                0x0401eaf4       0x68 drivers/i2c/built-in.o
 .text.mmc_set_ios
                0x0401eb5c       0x18 drivers/mmc/built-in.o
 .text.mmc_set_capacity
                0x0401eb74       0xac drivers/mmc/built-in.o
 .text.board_mmc_getwp
                0x0401ec20        0x8 drivers/mmc/built-in.o
                0x0401ec20                board_mmc_getwp
 .text.mmc_getwp
                0x0401ec28       0x3c drivers/mmc/built-in.o
                0x0401ec28                mmc_getwp
 .text.__board_mmc_getcd
                0x0401ec64        0x8 drivers/mmc/built-in.o
                0x0401ec64                __board_mmc_getcd
                0x0401ec64                board_mmc_getcd
 .text.mmc_send_cmd
                0x0401ec6c       0x10 drivers/mmc/built-in.o
                0x0401ec6c                mmc_send_cmd
 .text.mmc_go_idle
                0x0401ec7c       0x4c drivers/mmc/built-in.o
 .text.mmc_send_op_cond_iter
                0x0401ecc8       0x84 drivers/mmc/built-in.o
 .text.mmc_send_ext_csd
                0x0401ed4c       0x4c drivers/mmc/built-in.o
 .text.mmc_send_status
                0x0401ed98       0xd0 drivers/mmc/built-in.o
                0x0401ed98                mmc_send_status
 .text.mmc_switch.isra.1
                0x0401ee68       0x54 drivers/mmc/built-in.o
 .text.mmc_set_blocklen
                0x0401eebc       0x40 drivers/mmc/built-in.o
                0x0401eebc                mmc_set_blocklen
 .text.find_mmc_device
                0x0401eefc       0x4c drivers/mmc/built-in.o
                0x0401eefc                find_mmc_device
 .text.mmc_bread
                0x0401ef48      0x144 drivers/mmc/built-in.o
 .text.mmc_send_op_cond
                0x0401f08c       0x74 drivers/mmc/built-in.o
                0x0401f08c                mmc_send_op_cond
 .text.mmc_complete_op_cond
                0x0401f100       0x8c drivers/mmc/built-in.o
                0x0401f100                mmc_complete_op_cond
 .text.mmc_switch_part
                0x0401f18c       0x4c drivers/mmc/built-in.o
                0x0401f18c                mmc_switch_part
 .text.mmc_select_hwpart
                0x0401f1d8       0x6c drivers/mmc/built-in.o
                0x0401f1d8                mmc_select_hwpart
 .text.mmc_getcd
                0x0401f244       0x3c drivers/mmc/built-in.o
                0x0401f244                mmc_getcd
 .text.mmc_set_clock
                0x0401f280       0x24 drivers/mmc/built-in.o
                0x0401f280                mmc_set_clock
 .text.mmc_startup
                0x0401f2a4      0xadc drivers/mmc/built-in.o
 .text.mmc_create
                0x0401fd80      0x100 drivers/mmc/built-in.o
                0x0401fd80                mmc_create
 .text.mmc_start_init
                0x0401fe80      0x220 drivers/mmc/built-in.o
                0x0401fe80                mmc_start_init
 .text.mmc_init
                0x040200a0       0x8c drivers/mmc/built-in.o
                0x040200a0                mmc_init
 .text.mmc_get_dev
                0x0402012c       0x2c drivers/mmc/built-in.o
                0x0402012c                mmc_get_dev
 .text.mmc_set_dsr
                0x04020158        0xc drivers/mmc/built-in.o
                0x04020158                mmc_set_dsr
 .text.__def_mmc_init
                0x04020164        0x8 drivers/mmc/built-in.o
                0x04020164                cpu_mmc_init
 .text.print_mmc_devices
                0x0402016c       0x6c drivers/mmc/built-in.o
                0x0402016c                print_mmc_devices
 .text.get_mmc_num
                0x040201d8       0x10 drivers/mmc/built-in.o
                0x040201d8                get_mmc_num
 .text.mmc_initialize
                0x040201e8       0x74 drivers/mmc/built-in.o
                0x040201e8                mmc_initialize
 .text.sdhci_set_ios
                0x0402025c      0x1d4 drivers/mmc/built-in.o
                0x0402025c                sdhci_set_ios
 .text.sdhci_init
                0x04020430      0x19c drivers/mmc/built-in.o
                0x04020430                sdhci_init
 .text.sdhci_reset
                0x040205cc       0x60 drivers/mmc/built-in.o
 .text.sdhci_send_command
                0x0402062c      0x3d8 drivers/mmc/built-in.o
                0x0402062c                sdhci_send_command
 .text.add_sdhci
                0x04020a04      0x168 drivers/mmc/built-in.o
                0x04020a04                add_sdhci
 .text.zynq_sdhci_init
                0x04020b6c       0x70 drivers/mmc/built-in.o
                0x04020b6c                zynq_sdhci_init
 .text.mmc_berase
                0x04020bdc      0x19c drivers/mmc/built-in.o
                0x04020bdc                mmc_berase
 .text.mmc_bwrite
                0x04020d78      0x164 drivers/mmc/built-in.o
                0x04020d78                mmc_bwrite
 .text.spi_flash_read_write
                0x04020edc       0x84 drivers/mtd/spi/built-in.o
 .text.spi_flash_cmd_read
                0x04020f60       0x20 drivers/mtd/spi/built-in.o
                0x04020f60                spi_flash_cmd_read
 .text.spi_flash_cmd
                0x04020f80       0x2c drivers/mtd/spi/built-in.o
                0x04020f80                spi_flash_cmd
 .text.spi_flash_cmd_write
                0x04020fac       0x20 drivers/mtd/spi/built-in.o
                0x04020fac                spi_flash_cmd_write
 .text.spi_flash_set_qeb
                0x04020fcc       0x6c drivers/mtd/spi/built-in.o
 .text.spi_flash_probe
                0x04021038      0x478 drivers/mtd/spi/built-in.o
                0x04021038                spi_flash_probe
 .text.spi_flash_free
                0x040214b0       0x1c drivers/mtd/spi/built-in.o
                0x040214b0                spi_flash_free
 .text.spi_flash_dual_flash
                0x040214cc       0x5c drivers/mtd/spi/built-in.o
 .text.spi_flash_cmd_wait_ready
                0x04021528       0xe8 drivers/mtd/spi/built-in.o
                0x04021528                spi_flash_cmd_wait_ready
 .text.spi_flash_write_common
                0x04021610       0x9c drivers/mtd/spi/built-in.o
                0x04021610                spi_flash_write_common
 .text.spi_flash_bank
                0x040216ac       0x90 drivers/mtd/spi/built-in.o
 .text.spi_flash_cmd_erase_ops
                0x0402173c       0xe0 drivers/mtd/spi/built-in.o
                0x0402173c                spi_flash_cmd_erase_ops
 .text.spi_flash_cmd_write_ops
                0x0402181c       0xec drivers/mtd/spi/built-in.o
                0x0402181c                spi_flash_cmd_write_ops
 .text.spi_flash_read_common
                0x04021908       0x5c drivers/mtd/spi/built-in.o
                0x04021908                spi_flash_read_common
 .text.spi_flash_cmd_read_status
                0x04021964       0x2c drivers/mtd/spi/built-in.o
                0x04021964                spi_flash_cmd_read_status
 .text.spi_flash_cmd_write_config
                0x04021990       0x4c drivers/mtd/spi/built-in.o
                0x04021990                spi_flash_cmd_write_config
 .text.spi_flash_cmd_read_config
                0x040219dc       0x2c drivers/mtd/spi/built-in.o
                0x040219dc                spi_flash_cmd_read_config
 .text.spi_flash_cmd_read_ops
                0x04021a08      0x1a0 drivers/mtd/spi/built-in.o
                0x04021a08                spi_flash_cmd_read_ops
 .text.zynq_gem_setup_mac
                0x04021ba8       0x70 drivers/net/built-in.o
 .text.zynq_gem_halt
                0x04021c18       0x14 drivers/net/built-in.o
 .text.phy_setup_op
                0x04021c2c       0x90 drivers/net/built-in.o
 .text.zynq_gem_miiphy_write
                0x04021cbc       0x2c drivers/net/built-in.o
 .text.zynq_gem_recv
                0x04021ce8       0xd8 drivers/net/built-in.o
 .text.zynq_gem_send
                0x04021dc0       0xa8 drivers/net/built-in.o
 .text.zynq_gem_miiphyread
                0x04021e68       0x24 drivers/net/built-in.o
 .text.zynq_gem_init
                0x04021e8c      0x288 drivers/net/built-in.o
 .text.zynq_gem_initialize
                0x04022114      0x128 drivers/net/built-in.o
                0x04022114                zynq_gem_initialize
 .text.genphy_shutdown
                0x0402223c        0x8 drivers/net/phy/built-in.o
                0x0402223c                genphy_shutdown
 .text.generic_ffs
                0x04022244       0x50 drivers/net/phy/built-in.o
 .text.phy_device_create
                0x04022294       0xe4 drivers/net/phy/built-in.o
 .text.genphy_restart_aneg
                0x04022378       0x5c drivers/net/phy/built-in.o
                0x04022378                genphy_restart_aneg
 .text.genphy_config_aneg
                0x040223d4      0x1d8 drivers/net/phy/built-in.o
                0x040223d4                genphy_config_aneg
 .text.genphy_config
                0x040225ac       0xb4 drivers/net/phy/built-in.o
                0x040225ac                genphy_config
 .text.genphy_update_link
                0x04022660      0x140 drivers/net/phy/built-in.o
                0x04022660                genphy_update_link
 .text.genphy_parse_link
                0x040227a0      0x194 drivers/net/phy/built-in.o
                0x040227a0                genphy_parse_link
 .text.genphy_startup
                0x04022934       0x1c drivers/net/phy/built-in.o
                0x04022934                genphy_startup
 .text.phy_init
                0x04022950       0x10 drivers/net/phy/built-in.o
                0x04022950                phy_init
 .text.phy_register
                0x04022960       0x28 drivers/net/phy/built-in.o
                0x04022960                phy_register
 .text.get_phy_id
                0x04022988       0x70 drivers/net/phy/built-in.o
                0x04022988                get_phy_id
 .text.get_phy_device_by_mask
                0x040229f8      0x128 drivers/net/phy/built-in.o
 .text.phy_reset
                0x04022b20       0xac drivers/net/phy/built-in.o
                0x04022b20                phy_reset
 .text.phy_find_by_mask
                0x04022bcc       0x3c drivers/net/phy/built-in.o
                0x04022bcc                phy_find_by_mask
 .text.phy_connect_dev
                0x04022c08       0x44 drivers/net/phy/built-in.o
                0x04022c08                phy_connect_dev
 .text.phy_connect
                0x04022c4c       0x50 drivers/net/phy/built-in.o
                0x04022c4c                phy_connect
 .text.phy_startup
                0x04022c9c       0x1c drivers/net/phy/built-in.o
                0x04022c9c                phy_startup
 .text.__board_phy_config
                0x04022cb8       0x1c drivers/net/phy/built-in.o
                0x04022cb8                board_phy_config
 .text.phy_config
                0x04022cd4       0x10 drivers/net/phy/built-in.o
                0x04022cd4                phy_config
 .text.m88e1xxx_parse_status
                0x04022ce4      0x10c drivers/net/phy/built-in.o
 .text.m88e1011s_startup
                0x04022df0       0x1c drivers/net/phy/built-in.o
 .text.m88e1118_startup
                0x04022e0c       0x44 drivers/net/phy/built-in.o
 .text.m88e1145_startup
                0x04022e50       0x40 drivers/net/phy/built-in.o
 .text.m88e1011s_config
                0x04022e90       0xf8 drivers/net/phy/built-in.o
 .text.m88e1121_config
                0x04022f88       0xcc drivers/net/phy/built-in.o
 .text.m88e1111s_config
                0x04023054      0x324 drivers/net/phy/built-in.o
 .text.m88e1118_config
                0x04023378       0xc4 drivers/net/phy/built-in.o
 .text.m88e1145_config
                0x0402343c      0x10c drivers/net/phy/built-in.o
 .text.m88e1149_config
                0x04023548       0xc4 drivers/net/phy/built-in.o
 .text.m88e1310_config
                0x0402360c      0x168 drivers/net/phy/built-in.o
 .text.phy_marvell_init
                0x04023774       0x78 drivers/net/phy/built-in.o
                0x04023774                phy_marvell_init
 .text.get_current
                0x040237ec       0x40 drivers/serial/built-in.o
 .text.serial_null
                0x0402382c        0x4 drivers/serial/built-in.o
                0x0402382c                jz_serial_initialize
                0x0402382c                bfin_serial_initialize
                0x0402382c                p3mx_serial_initialize
                0x0402382c                leon2_serial_initialize
                0x0402382c                leon3_serial_initialize
                0x0402382c                amirix_serial_initialize
                0x0402382c                marvell_serial_initialize
                0x0402382c                cpci750_serial_initialize
                0x0402382c                ns16550_serial_initialize
                0x0402382c                asc_serial_initialize
                0x0402382c                altera_serial_initialize
                0x0402382c                oc_serial_initialize
                0x0402382c                sh_serial_initialize
                0x0402382c                mxs_auart_initialize
                0x0402382c                arm_dcc_initialize
                0x0402382c                bmw_serial_initialize
                0x0402382c                arc_serial_initialize
                0x0402382c                mcf_serial_initialize
                0x0402382c                lh7a40x_serial_initialize
                0x0402382c                evb64260_serial_initialize