Archive member included to satisfy reference by file (symbol)

/opt/Xilinx/SDK/2015.4/gnu/arm/lin/bin/../lib/gcc/arm-xilinx-linux-gnueabi/4.9.2/libgcc.a(_udivsi3.o)
                              arch/arm/cpu/armv7/zynq/built-in.o (__aeabi_uidiv)
/opt/Xilinx/SDK/2015.4/gnu/arm/lin/bin/../lib/gcc/arm-xilinx-linux-gnueabi/4.9.2/libgcc.a(_divsi3.o)
                              fs/built-in.o (__aeabi_idiv)
/opt/Xilinx/SDK/2015.4/gnu/arm/lin/bin/../lib/gcc/arm-xilinx-linux-gnueabi/4.9.2/libgcc.a(_lshrdi3.o)
                              lib/built-in.o (__aeabi_llsr)
/opt/Xilinx/SDK/2015.4/gnu/arm/lin/bin/../lib/gcc/arm-xilinx-linux-gnueabi/4.9.2/libgcc.a(_ashldi3.o)
                              drivers/mmc/built-in.o (__aeabi_llsl)
/opt/Xilinx/SDK/2015.4/gnu/arm/lin/bin/../lib/gcc/arm-xilinx-linux-gnueabi/4.9.2/libgcc.a(_dvmd_lnx.o)
                              /opt/Xilinx/SDK/2015.4/gnu/arm/lin/bin/../lib/gcc/arm-xilinx-linux-gnueabi/4.9.2/libgcc.a(_udivsi3.o) (__aeabi_idiv0)

Discarded input sections

 .data          0x00000000        0x0 arch/arm/cpu/armv7/start.o
 .bss           0x00000000        0x0 arch/arm/cpu/armv7/start.o
 .text.board_init_f
                0x00000000       0x34 arch/arm/lib/built-in.o
 .text.interrupt_init
                0x00000000       0x1c arch/arm/lib/built-in.o
 .text.enable_interrupts
                0x00000000        0x4 arch/arm/lib/built-in.o
 .text.disable_interrupts
                0x00000000        0x8 arch/arm/lib/built-in.o
 .text.bad_mode
                0x00000000       0x10 arch/arm/lib/built-in.o
 .text.show_regs
                0x00000000      0x13c arch/arm/lib/built-in.o
 .text.do_undefined_instruction
                0x00000000       0x20 arch/arm/lib/built-in.o
 .text.do_software_interrupt
                0x00000000       0x20 arch/arm/lib/built-in.o
 .text.do_prefetch_abort
                0x00000000       0x20 arch/arm/lib/built-in.o
 .text.do_data_abort
                0x00000000       0x20 arch/arm/lib/built-in.o
 .text.do_not_used
                0x00000000       0x20 arch/arm/lib/built-in.o
 .text.do_fiq   0x00000000       0x20 arch/arm/lib/built-in.o
 .text.do_irq   0x00000000       0x20 arch/arm/lib/built-in.o
 .text.do_reset
                0x00000000       0x2c arch/arm/lib/built-in.o
 .text.flush_cache
                0x00000000        0x4 arch/arm/lib/built-in.o
 .text.flush_dcache_all
                0x00000000        0xc arch/arm/lib/built-in.o
 .text.enable_caches
                0x00000000        0xc arch/arm/lib/built-in.o
 .text.arm_init_before_mmu
                0x00000000        0x4 arch/arm/lib/built-in.o
 .text.arm_init_domains
                0x00000000        0x4 arch/arm/lib/built-in.o
 .text.set_section_dcache
                0x00000000       0x14 arch/arm/lib/built-in.o
 .text.mmu_page_table_flush
                0x00000000        0x4 arch/arm/lib/built-in.o
 .text.mmu_set_region_dcache_behaviour
                0x00000000       0x4c arch/arm/lib/built-in.o
 .text.dram_bank_mmu_setup
                0x00000000       0x40 arch/arm/lib/built-in.o
 .text.icache_enable
                0x00000000       0x18 arch/arm/lib/built-in.o
 .text.icache_status
                0x00000000        0xc arch/arm/lib/built-in.o
 .text.dcache_enable
                0x00000000        0x4 arch/arm/lib/built-in.o
 .text.dcache_status
                0x00000000        0x8 arch/arm/lib/built-in.o
 .rodata        0x00000000       0x80 arch/arm/lib/built-in.o
 .rodata.str1.1
                0x00000000      0x2a7 arch/arm/lib/built-in.o
 .__rel_dyn_start
                0x00000000        0x0 arch/arm/lib/built-in.o
 .__rel_dyn_end
                0x00000000        0x0 arch/arm/lib/built-in.o
 .__image_copy_end
                0x00000000        0x0 arch/arm/lib/built-in.o
 .__image_copy_start
                0x00000000        0x0 arch/arm/lib/built-in.o
 .__end         0x00000000        0x0 arch/arm/lib/built-in.o
 .bss           0x00000000        0x0 arch/arm/lib/built-in.o
 .text          0x00000000        0x0 arch/arm/cpu/armv7/built-in.o
 .text.flush_dcache_all
                0x00000000        0x4 arch/arm/cpu/armv7/built-in.o
 .text.invalidate_dcache_range
                0x00000000        0x4 arch/arm/cpu/armv7/built-in.o
 .text.arm_init_before_mmu
                0x00000000        0x4 arch/arm/cpu/armv7/built-in.o
 .text.flush_cache
                0x00000000        0x4 arch/arm/cpu/armv7/built-in.o
 .text.mmu_page_table_flush
                0x00000000        0x4 arch/arm/cpu/armv7/built-in.o
 .text.arm_init_domains
                0x00000000        0x4 arch/arm/cpu/armv7/built-in.o
 .text.v7_outer_cache_enable
                0x00000000        0x4 arch/arm/cpu/armv7/built-in.o
 .text.v7_outer_cache_flush_all
                0x00000000        0x4 arch/arm/cpu/armv7/built-in.o
 .text.v7_outer_cache_inval_all
                0x00000000        0x4 arch/arm/cpu/armv7/built-in.o
 .text.v7_outer_cache_flush_range
                0x00000000        0x4 arch/arm/cpu/armv7/built-in.o
 .text.v7_outer_cache_inval_range
                0x00000000        0x4 arch/arm/cpu/armv7/built-in.o
 .text.sdelay   0x00000000        0xc arch/arm/cpu/armv7/built-in.o
 .text.wait_on_value
                0x00000000       0x34 arch/arm/cpu/armv7/built-in.o
 .data          0x00000000        0x0 arch/arm/cpu/armv7/built-in.o
 .bss           0x00000000        0x0 arch/arm/cpu/armv7/built-in.o
 .text.get_ticks
                0x00000000       0x10 arch/arm/cpu/armv7/zynq/built-in.o
 .text.get_tbclk
                0x00000000        0x8 arch/arm/cpu/armv7/zynq/built-in.o
 .text.zynq_get_silicon_version
                0x00000000       0x14 arch/arm/cpu/armv7/zynq/built-in.o
 .text.reset_cpu
                0x00000000        0xc arch/arm/cpu/armv7/zynq/built-in.o
 .text.zynq_ddrc_init
                0x00000000       0x64 arch/arm/cpu/armv7/zynq/built-in.o
 .text.zynq_slcr_cpu_reset
                0x00000000       0x24 arch/arm/cpu/armv7/zynq/built-in.o
 .text.zynq_slcr_gem_clk_setup
                0x00000000       0x68 arch/arm/cpu/armv7/zynq/built-in.o
 .text.ddr2x_get_rate
                0x00000000       0x3c arch/arm/cpu/armv7/zynq/built-in.o
 .text.ddr3x_get_rate
                0x00000000       0x3c arch/arm/cpu/armv7/zynq/built-in.o
 .text.zynq_clk_periph_get_rate
                0x00000000       0x7c arch/arm/cpu/armv7/zynq/built-in.o
 .text.zynq_clk_pll_get_rate
                0x00000000        0x8 arch/arm/cpu/armv7/zynq/built-in.o
 .text.zynq_clk_periph_set_rate
                0x00000000      0x11c arch/arm/cpu/armv7/zynq/built-in.o
 .text.zynq_clk_register_periph_clk
                0x00000000       0x5c arch/arm/cpu/armv7/zynq/built-in.o
 .text.set_cpu_clk_info
                0x00000000      0x604 arch/arm/cpu/armv7/zynq/built-in.o
 .text.zynq_clk_set_rate
                0x00000000       0x40 arch/arm/cpu/armv7/zynq/built-in.o
 .text.zynq_clk_get_name
                0x00000000       0x18 arch/arm/cpu/armv7/zynq/built-in.o
 .text.soc_clk_dump
                0x00000000       0x50 arch/arm/cpu/armv7/zynq/built-in.o
 .data          0x00000000        0x0 arch/arm/cpu/armv7/zynq/built-in.o
 .bss           0x00000000        0x0 arch/arm/cpu/armv7/zynq/built-in.o
 .text          0x00000000        0x0 board/xilinx/zynq/built-in.o
 .text.board_late_init
                0x00000000       0x9c board/xilinx/zynq/built-in.o
 .text.checkboard
                0x00000000       0x18 board/xilinx/zynq/built-in.o
 .text.board_eth_init
                0x00000000       0x14 board/xilinx/zynq/built-in.o
 .text.dram_init
                0x00000000       0x18 board/xilinx/zynq/built-in.o
 .text.g_dnl_bind_fixup
                0x00000000       0x64 board/xilinx/zynq/built-in.o
 .data          0x00000000        0x0 board/xilinx/zynq/built-in.o
 .bss           0x00000000        0x0 board/xilinx/zynq/built-in.o
 .text          0x00000000        0x0 common/spl/built-in.o
 .text.spl_start_uboot
                0x00000000       0x24 common/spl/built-in.o
 .bss           0x00000000        0x0 common/spl/built-in.o
 .bss.boot_params_ptr
                0x00000000        0x4 common/spl/built-in.o
 .text          0x00000000        0x0 common/built-in.o
 .text.saveenv  0x00000000       0xdc common/built-in.o
 .text.env_relocate_spec
                0x00000000       0xc8 common/built-in.o
 .text.env_init
                0x00000000       0x1c common/built-in.o
 .text._do_env_set.isra.0
                0x00000000      0x1b8 common/built-in.o
 .text.get_env_id
                0x00000000       0x10 common/built-in.o
 .text.setenv   0x00000000       0x58 common/built-in.o
 .text.setenv_ulong
                0x00000000       0x20 common/built-in.o
 .text.setenv_hex
                0x00000000       0x34 common/built-in.o
 .text.envmatch
                0x00000000       0x6c common/built-in.o
 .text.getenv_f
                0x00000000       0xc8 common/built-in.o
 .text.getenv   0x00000000       0x78 common/built-in.o
 .text.getenv_hex
                0x00000000       0x3c common/built-in.o
 .text.getenv_ulong
                0x00000000       0x30 common/built-in.o
 .text.__env_get_char_spec
                0x00000000        0xc common/built-in.o
 .text.env_get_addr
                0x00000000       0x20 common/built-in.o
 .text.env_get_char_memory
                0x00000000       0x10 common/built-in.o
 .text.env_get_char
                0x00000000       0x30 common/built-in.o
 .text.getenv_yesno
                0x00000000       0x40 common/built-in.o
 .text.getenv_default
                0x00000000       0x30 common/built-in.o
 .text.set_default_env
                0x00000000       0xbc common/built-in.o
 .text.set_default_vars
                0x00000000       0x34 common/built-in.o
 .text.env_import
                0x00000000       0xe0 common/built-in.o
 .text.env_export
                0x00000000       0xa4 common/built-in.o
 .text.env_relocate
                0x00000000       0x14 common/built-in.o
 .text.console_setfile
                0x00000000       0xa4 common/built-in.o
 .text.serial_printf
                0x00000000       0x4c common/built-in.o
 .text.fputc    0x00000000       0x20 common/built-in.o
 .text.fputs    0x00000000       0x20 common/built-in.o
 .text.fprintf  0x00000000       0x54 common/built-in.o
 .text.putc     0x00000000       0x30 common/built-in.o
 .text.vprintf  0x00000000       0x44 common/built-in.o
 .text.confirm_yesno
                0x00000000       0xd4 common/built-in.o
 .text.disable_ctrlc
                0x00000000       0x18 common/built-in.o
 .text.had_ctrlc
                0x00000000       0x10 common/built-in.o
 .text.clear_ctrlc
                0x00000000       0x14 common/built-in.o
 .text.dbg      0x00000000        0xc common/built-in.o
 .text.search_device
                0x00000000       0x28 common/built-in.o
 .text.console_assign
                0x00000000       0x48 common/built-in.o
 .text.console_init_f
                0x00000000       0x10 common/built-in.o
 .text.stdio_print_current_devices
                0x00000000       0xb0 common/built-in.o
 .text.console_init_r
                0x00000000       0xe0 common/built-in.o
 .text.realloc  0x00000000      0x4b8 common/built-in.o
 .text.valloc   0x00000000        0xc common/built-in.o
 .text.pvalloc  0x00000000       0x18 common/built-in.o
 .text.cfree    0x00000000        0x4 common/built-in.o
 .text.malloc_usable_size
                0x00000000       0x3c common/built-in.o
 .text.mallopt  0x00000000       0x68 common/built-in.o
 .text.image_check_hcrc
                0x00000000       0x4c common/built-in.o
 .text.image_check_dcrc
                0x00000000       0x38 common/built-in.o
 .text.image_multi_count
                0x00000000       0x1c common/built-in.o
 .text.image_multi_getimg
                0x00000000       0x7c common/built-in.o
 .text.getenv_bootm_low
                0x00000000       0x30 common/built-in.o
 .text.getenv_bootm_size
                0x00000000       0x5c common/built-in.o
 .text.getenv_bootm_mapsize
                0x00000000       0x30 common/built-in.o
 .text.memmove_wd
                0x00000000        0xc common/built-in.o
 .text.genimg_print_size
                0x00000000       0x30 common/built-in.o
 .text.get_table_entry_name
                0x00000000       0x2c common/built-in.o
 .text.genimg_get_os_name
                0x00000000       0x18 common/built-in.o
 .text.genimg_get_arch_name
                0x00000000       0x18 common/built-in.o
 .text.genimg_get_type_name
                0x00000000       0x18 common/built-in.o
 .text.genimg_get_comp_name
                0x00000000       0x18 common/built-in.o
 .text.image_print_contents
                0x00000000      0x174 common/built-in.o
 .text.get_table_entry_id
                0x00000000       0x4c common/built-in.o
 .text.genimg_get_os_id
                0x00000000       0x18 common/built-in.o
 .text.genimg_get_arch_id
                0x00000000       0x18 common/built-in.o
 .text.genimg_get_type_id
                0x00000000       0x18 common/built-in.o
 .text.genimg_get_comp_id
                0x00000000       0x18 common/built-in.o
 .text.genimg_get_format
                0x00000000       0x34 common/built-in.o
 .text.genimg_get_image
                0x00000000        0x4 common/built-in.o
 .text.genimg_has_config
                0x00000000       0x10 common/built-in.o
 .text.boot_get_ramdisk
                0x00000000      0x2e4 common/built-in.o
 .text.boot_ramdisk_high
                0x00000000      0x124 common/built-in.o
 .text.image_setup_linux
                0x00000000       0x8c common/built-in.o
 .text.fdt_error
                0x00000000       0x2c common/built-in.o
 .text.boot_fdt_add_mem_rsv_regions
                0x00000000       0x88 common/built-in.o
 .text.boot_relocate_fdt
                0x00000000      0x194 common/built-in.o
 .text.boot_get_fdt
                0x00000000      0x38c common/built-in.o
 .text.ft_verify_fdt
                0x00000000        0x8 common/built-in.o
 .text.arch_fixup_memory_node
                0x00000000        0x8 common/built-in.o
 .text.image_setup_libfdt
                0x00000000       0xd0 common/built-in.o
 .text.fit_parse_conf
                0x00000000       0x64 common/built-in.o
 .text.fit_parse_subimage
                0x00000000       0x64 common/built-in.o
 .text.fit_get_desc
                0x00000000       0x30 common/built-in.o
 .text.fit_get_timestamp
                0x00000000       0x48 common/built-in.o
 .text.fit_image_get_node
                0x00000000       0x30 common/built-in.o
 .text.fit_image_get_os
                0x00000000       0x3c common/built-in.o
 .text.fit_image_get_arch
                0x00000000       0x3c common/built-in.o
 .text.fit_image_get_type
                0x00000000       0x3c common/built-in.o
 .text.fit_image_get_comp
                0x00000000       0x3c common/built-in.o
 .text.fit_image_get_load
                0x00000000       0x38 common/built-in.o
 .text.fit_image_get_entry
                0x00000000       0x38 common/built-in.o
 .text.fit_image_get_data
                0x00000000       0x40 common/built-in.o
 .text.fit_image_hash_get_algo
                0x00000000       0x30 common/built-in.o
 .text.fit_image_hash_get_value
                0x00000000       0x40 common/built-in.o
 .text.fit_set_timestamp
                0x00000000       0x80 common/built-in.o
 .text.calculate_hash
                0x00000000        0x8 common/built-in.o
 .text.fit_image_verify
                0x00000000      0x1ac common/built-in.o
 .text.fit_all_image_verify
                0x00000000       0xe4 common/built-in.o
 .text.fit_image_check_os
                0x00000000       0x30 common/built-in.o
 .text.fit_image_check_arch
                0x00000000       0x30 common/built-in.o
 .text.fit_image_check_type
                0x00000000       0x30 common/built-in.o
 .text.fit_image_check_comp
                0x00000000       0x30 common/built-in.o
 .text.fit_check_format
                0x00000000       0x40 common/built-in.o
 .text.fit_conf_find_compat
                0x00000000      0x1a4 common/built-in.o
 .text.fit_conf_get_node
                0x00000000       0x68 common/built-in.o
 .text.fit_conf_get_prop_node
                0x00000000       0x2c common/built-in.o
 .text.fit_conf_print
                0x00000000      0x108 common/built-in.o
 .text.fit_image_select
                0x00000000       0x6c common/built-in.o
 .text.fit_get_node_from_config
                0x00000000       0x44 common/built-in.o
 .text.fit_image_load
                0x00000000      0x3d4 common/built-in.o
 .text.get_ram_size
                0x00000000       0xe4 common/built-in.o
 .text.get_effective_memsize
                0x00000000        0x8 common/built-in.o
 .text.stdio_get_list
                0x00000000        0xc common/built-in.o
 .text.stdio_get_by_name
                0x00000000       0x5c common/built-in.o
 .text.stdio_clone
                0x00000000       0x38 common/built-in.o
 .text.stdio_register
                0x00000000       0x3c common/built-in.o
 .text.stdio_init
                0x00000000       0x90 common/built-in.o
 .rodata.str1.1
                0x00000000     0x1125 common/built-in.o
 .rodata.__func__.7268
                0x00000000        0xb common/built-in.o
 .rodata.default_environment
                0x00000000     0x1193 common/built-in.o
 .rodata.__func__.7245
                0x00000000       0x10 common/built-in.o
 .rodata.__func__.7261
                0x00000000        0xb common/built-in.o
 .rodata.uimage_comp
                0x00000000       0x48 common/built-in.o
 .rodata.uimage_os
                0x00000000       0x78 common/built-in.o
 .rodata.uimage_arch
                0x00000000      0x120 common/built-in.o
 .rodata.uimage_type
                0x00000000       0xf0 common/built-in.o
 .rodata.CSWTCH.70
                0x00000000       0x1c common/built-in.o
 .data          0x00000000        0x0 common/built-in.o
 .data.env_name_spec
                0x00000000        0x4 common/built-in.o
 .data.env_id   0x00000000        0x4 common/built-in.o
 .data.env_htab
                0x00000000       0x10 common/built-in.o
 .data.mmap_threshold
                0x00000000        0x4 common/built-in.o
 .data.stdio_names
                0x00000000        0xc common/built-in.o
 .bss           0x00000000        0x0 common/built-in.o
 .bss.env_flash
                0x00000000        0x4 common/built-in.o
 .bss.n_mmaps_max
                0x00000000        0x4 common/built-in.o
 .bss.save_addr
                0x00000000        0x4 common/built-in.o
 .bss.load_addr
                0x00000000        0x4 common/built-in.o
 .bss.save_size
                0x00000000        0x4 common/built-in.o
 .bss.devs      0x00000000       0x3c common/built-in.o
 .text          0x00000000        0x0 disk/built-in.o
 .text.get_dev_hwpart
                0x00000000       0xb0 disk/built-in.o
 .text.get_dev  0x00000000        0x8 disk/built-in.o
 .text.dev_print
                0x00000000      0x204 disk/built-in.o
 .text.print_part
                0x00000000       0xf4 disk/built-in.o
 .text.get_device
                0x00000000      0x114 disk/built-in.o
 .text.get_device_and_partition
                0x00000000      0x450 disk/built-in.o
 .text.print_partition_extended
                0x00000000      0x274 disk/built-in.o
 .text.print_part_dos
                0x00000000       0x34 disk/built-in.o
 .rodata.block_drvr
                0x00000000       0x24 disk/built-in.o
 .data          0x00000000        0x0 disk/built-in.o
 .bss           0x00000000        0x0 disk/built-in.o
 .text          0x00000000        0x0 drivers/mmc/built-in.o
 .text.board_mmc_getwp
                0x00000000        0x8 drivers/mmc/built-in.o
 .text.mmc_getwp
                0x00000000       0x3c drivers/mmc/built-in.o
 .text.mmc_switch_part
                0x00000000       0x4c drivers/mmc/built-in.o
 .text.mmc_select_hwpart
                0x00000000       0x6c drivers/mmc/built-in.o
 .text.mmc_register
                0x00000000       0x20 drivers/mmc/built-in.o
 .text.mmc_destroy
                0x00000000        0x4 drivers/mmc/built-in.o
 .text.mmc_get_dev
                0x00000000       0x2c drivers/mmc/built-in.o
 .text.mmc_set_dsr
                0x00000000        0xc drivers/mmc/built-in.o
 .text.print_mmc_devices
                0x00000000       0x6c drivers/mmc/built-in.o
 .text.get_mmc_num
                0x00000000       0x10 drivers/mmc/built-in.o
 .text.mmc_set_preinit
                0x00000000        0x8 drivers/mmc/built-in.o
 .rodata.__func__.7510
                0x00000000        0xd drivers/mmc/built-in.o
 .data          0x00000000        0x0 drivers/mmc/built-in.o
 .bss           0x00000000        0x0 drivers/mmc/built-in.o
 .text          0x00000000        0x0 drivers/serial/built-in.o
 .text.serial_null
                0x00000000        0x4 drivers/serial/built-in.o
 .text.serial_register
                0x00000000       0x18 drivers/serial/built-in.o
 .text.serial_stdio_init
                0x00000000       0x88 drivers/serial/built-in.o
 .text.serial_assign
                0x00000000       0x4c drivers/serial/built-in.o
 .text.serial_initialize
                0x00000000       0xd0 drivers/serial/built-in.o
 .text.serial_reinit_all
                0x00000000       0x2c drivers/serial/built-in.o
 .text.serial_setbrg
                0x00000000       0x14 drivers/serial/built-in.o
 .text.serial_putc
                0x00000000       0x1c drivers/serial/built-in.o
 .text.default_serial_puts
                0x00000000       0x30 drivers/serial/built-in.o
 .text.uart_zynq0_putc
                0x00000000        0x8 drivers/serial/built-in.o
 .text.uart_zynq0_setbrg
                0x00000000        0x8 drivers/serial/built-in.o
 .text.uart_zynq0_tstc
                0x00000000       0x14 drivers/serial/built-in.o
 .text.uart_zynq0_init
                0x00000000       0x28 drivers/serial/built-in.o
 .text.uart_zynq0_getc
                0x00000000       0x1c drivers/serial/built-in.o
 .text.uart_zynq0_puts
                0x00000000       0x24 drivers/serial/built-in.o
 .text.zynq_serial_initialize
                0x00000000       0x20 drivers/serial/built-in.o
 .data          0x00000000        0x0 drivers/serial/built-in.o
 .data.uart_zynq_serial0_device
                0x00000000       0x30 drivers/serial/built-in.o
 .bss           0x00000000        0x0 drivers/serial/built-in.o
 .bss.serial_devices
                0x00000000        0x4 drivers/serial/built-in.o
 .text          0x00000000        0x0 drivers/mtd/spi/built-in.o
 .text.spi_flash_free
                0x00000000       0x1c drivers/mtd/spi/built-in.o
 .text.spi_flash_cmd_write_status
                0x00000000       0x2c drivers/mtd/spi/built-in.o
 .data          0x00000000        0x0 drivers/mtd/spi/built-in.o
 .bss           0x00000000        0x0 drivers/mtd/spi/built-in.o
 .text          0x00000000        0x0 drivers/spi/built-in.o
 .text.spi_set_wordlen
                0x00000000       0x30 drivers/spi/built-in.o
 .text.spi_cs_is_valid
                0x00000000       0x14 drivers/spi/built-in.o
 .text.spi_cs_activate
                0x00000000        0x4 drivers/spi/built-in.o
 .text.spi_cs_deactivate
                0x00000000        0x4 drivers/spi/built-in.o
 .text.spi_init
                0x00000000        0x4 drivers/spi/built-in.o
 .data          0x00000000        0x0 drivers/spi/built-in.o
 .bss           0x00000000        0x0 drivers/spi/built-in.o
 .text          0x00000000        0x0 fs/built-in.o
 .text.check_overflow
                0x00000000       0x74 fs/built-in.o
 .text.disk_write
                0x00000000       0x84 fs/built-in.o
 .text.flush_fat_buffer
                0x00000000       0x80 fs/built-in.o
 .text.set_fatent_value
                0x00000000      0x100 fs/built-in.o
 .text.get_fatent_value
                0x00000000      0x1c8 fs/built-in.o
 .text.set_cluster
                0x00000000       0xc4 fs/built-in.o
 .text.set_contents
                0x00000000      0x1f0 fs/built-in.o
 .text.set_name
                0x00000000      0x13c fs/built-in.o
 .text.flush_dir_table.constprop.7
                0x00000000       0xe0 fs/built-in.o
 .text.do_fat_write
                0x00000000      0x938 fs/built-in.o
 .text.do_fat_read
                0x00000000       0x2c fs/built-in.o
 .text.file_fat_detectfs
                0x00000000      0x148 fs/built-in.o
 .text.file_fat_ls
                0x00000000       0x10 fs/built-in.o
 .text.fat_exists
                0x00000000       0x2c fs/built-in.o
 .text.fat_read_file
                0x00000000       0x3c fs/built-in.o
 .text.fat_close
                0x00000000        0x4 fs/built-in.o
 .text.file_fat_write
                0x00000000       0x34 fs/built-in.o
 .data          0x00000000        0x0 fs/built-in.o
 .bss           0x00000000        0x0 fs/built-in.o
 .bss.empty_dentptr
                0x00000000        0x4 fs/built-in.o
 .bss.total_sector
                0x00000000        0x4 fs/built-in.o
 .bss.dir_curclust
                0x00000000        0x4 fs/built-in.o
 .bss.num_of_fats
                0x00000000        0x1 fs/built-in.o
 .text          0x00000000        0x0 drivers/fpga/built-in.o
 .text.fpga_dev_info
                0x00000000       0x94 drivers/fpga/built-in.o
 .text.fpga_count
                0x00000000       0x10 drivers/fpga/built-in.o
 .text.fpga_loadbitstream
                0x00000000      0x274 drivers/fpga/built-in.o
 .text.fpga_fsload
                0x00000000       0x60 drivers/fpga/built-in.o
 .text.fpga_dump
                0x00000000       0x8c drivers/fpga/built-in.o
 .text.fpga_info
                0x00000000       0x74 drivers/fpga/built-in.o
 .text.xilinx_loadfs
                0x00000000       0x7c drivers/fpga/built-in.o
 .text.xilinx_dump
                0x00000000       0x78 drivers/fpga/built-in.o
 .text.xilinx_info
                0x00000000      0x1c8 drivers/fpga/built-in.o
 .rodata.__func__.7382
                0x00000000        0xc drivers/fpga/built-in.o
 .rodata.__func__.7349
                0x00000000        0xe drivers/fpga/built-in.o
 .rodata.__func__.7407
                0x00000000        0xa drivers/fpga/built-in.o
 .rodata.__func__.7420
                0x00000000        0xa drivers/fpga/built-in.o
 .rodata.__FUNCTION__.7297
                0x00000000        0xc drivers/fpga/built-in.o
 .rodata.__func__.7285
                0x00000000        0xe drivers/fpga/built-in.o
 .rodata.__func__.7292
                0x00000000        0xc drivers/fpga/built-in.o
 .rodata.__FUNCTION__.7291
                0x00000000        0xc drivers/fpga/built-in.o
 .rodata.__func__.7258
                0x00000000       0x13 drivers/fpga/built-in.o
 .data          0x00000000        0x0 drivers/fpga/built-in.o
 .bss           0x00000000        0x0 drivers/fpga/built-in.o
 .text          0x00000000        0x0 lib/built-in.o
 .text._hdelete.isra.1
                0x00000000       0x50 lib/built-in.o
 .text.drop_var_from_set.part.2
                0x00000000       0x50 lib/built-in.o
 .text.hcreate_r
                0x00000000       0xb0 lib/built-in.o
 .text.hdestroy_r
                0x00000000       0x78 lib/built-in.o
 .text.hmatch_r
                0x00000000       0xa0 lib/built-in.o
 .text.hsearch_r
                0x00000000      0x4bc lib/built-in.o
 .text.hdelete_r
                0x00000000       0xd8 lib/built-in.o
 .text.himport_r
                0x00000000      0x34c lib/built-in.o
 .text.hwalk_r  0x00000000       0x58 lib/built-in.o
 .text.display_options
                0x00000000       0x20 lib/built-in.o
 .text.print_size
                0x00000000      0x130 lib/built-in.o
 .text.print_buffer
                0x00000000      0x1b4 lib/built-in.o
 .text.crc32_no_comp
                0x00000000       0xd8 lib/built-in.o
 .text.crc32    0x00000000       0x14 lib/built-in.o
 .text.crc32_wd
                0x00000000        0x4 lib/built-in.o
 .text.crc32_wd_buf
                0x00000000       0x40 lib/built-in.o
 .text.skip_spaces
                0x00000000       0x28 lib/built-in.o
 .text.strim    0x00000000       0x60 lib/built-in.o
 .text.strncasecmp
                0x00000000       0x9c lib/built-in.o
 .text.strcasecmp
                0x00000000        0x8 lib/built-in.o
 .text.strncpy  0x00000000       0x24 lib/built-in.o
 .text.strcat   0x00000000       0x30 lib/built-in.o
 .text.strncat  0x00000000       0x54 lib/built-in.o
 .text.strchr   0x00000000       0x2c lib/built-in.o
 .text.strlen   0x00000000       0x20 lib/built-in.o
 .text.strrchr  0x00000000       0x3c lib/built-in.o
 .text.strdup   0x00000000       0x40 lib/built-in.o
 .text.strspn   0x00000000       0x3c lib/built-in.o
 .text.strpbrk  0x00000000       0x3c lib/built-in.o
 .text.strtok   0x00000000       0x88 lib/built-in.o
 .text.strsep   0x00000000       0x38 lib/built-in.o
 .text.strswab  0x00000000       0x48 lib/built-in.o
 .text.bcopy    0x00000000       0x24 lib/built-in.o
 .text.memmove  0x00000000       0x48 lib/built-in.o
 .text.memscan  0x00000000       0x2c lib/built-in.o
 .text.strstr   0x00000000       0x6c lib/built-in.o
 .text.memchr   0x00000000       0x30 lib/built-in.o
 .text.memchr_inv
                0x00000000      0x130 lib/built-in.o
 .text.tick_to_time
                0x00000000       0x64 lib/built-in.o
 .text.get_ticks
                0x00000000       0x40 lib/built-in.o
 .text.timer_init
                0x00000000        0x8 lib/built-in.o
 .text.get_timer
                0x00000000       0x18 lib/built-in.o
 .text.timer_get_us
                0x00000000       0x24 lib/built-in.o
 .text.__udelay
                0x00000000       0x84 lib/built-in.o
 .text.mdelay   0x00000000       0x24 lib/built-in.o
 .text.simple_strtoul
                0x00000000       0xb8 lib/built-in.o
 .text.strict_strtoul
                0x00000000       0x78 lib/built-in.o
 .text.simple_strtol
                0x00000000       0x28 lib/built-in.o
 .text.ustrtoul
                0x00000000       0x70 lib/built-in.o
 .text.simple_strtoull
                0x00000000       0xdc lib/built-in.o
 .text.ustrtoull
                0x00000000       0x88 lib/built-in.o
 .text.panic    0x00000000       0x44 lib/built-in.o
 .text.__assert_fail
                0x00000000       0x14 lib/built-in.o
 .text.simple_itoa
                0x00000000       0x54 lib/built-in.o
 .text.print_grouped_ull
                0x00000000       0x88 lib/built-in.o
 .rodata.names.7158
                0x00000000        0x6 lib/built-in.o
 .rodata.crc_table
                0x00000000      0x400 lib/built-in.o
 .data          0x00000000        0x0 lib/built-in.o
 .bss           0x00000000        0x0 lib/built-in.o
 .bss.errno     0x00000000        0x4 lib/built-in.o
 .bss.___strtok
                0x00000000        0x4 lib/built-in.o
 .bss.local.7305
                0x00000000       0x16 lib/built-in.o
 .text          0x00000000        0x0 arch/arm/lib/eabi_compat.o
 .data          0x00000000        0x0 arch/arm/lib/eabi_compat.o
 .bss           0x00000000        0x0 arch/arm/lib/eabi_compat.o
 .text.__aeabi_unwind_cpp_pr0
                0x00000000        0x4 arch/arm/lib/eabi_compat.o
 .text.__aeabi_unwind_cpp_pr1
                0x00000000        0x4 arch/arm/lib/eabi_compat.o
 .data          0x00000000        0x0 /opt/Xilinx/SDK/2015.4/gnu/arm/lin/bin/../lib/gcc/arm-xilinx-linux-gnueabi/4.9.2/libgcc.a(_udivsi3.o)
 .bss           0x00000000        0x0 /opt/Xilinx/SDK/2015.4/gnu/arm/lin/bin/../lib/gcc/arm-xilinx-linux-gnueabi/4.9.2/libgcc.a(_udivsi3.o)
 .text          0x00000000      0x240 /opt/Xilinx/SDK/2015.4/gnu/arm/lin/bin/../lib/gcc/arm-xilinx-linux-gnueabi/4.9.2/libgcc.a(_divsi3.o)
 .data          0x00000000        0x0 /opt/Xilinx/SDK/2015.4/gnu/arm/lin/bin/../lib/gcc/arm-xilinx-linux-gnueabi/4.9.2/libgcc.a(_divsi3.o)
 .bss           0x00000000        0x0 /opt/Xilinx/SDK/2015.4/gnu/arm/lin/bin/../lib/gcc/arm-xilinx-linux-gnueabi/4.9.2/libgcc.a(_divsi3.o)
 .note.GNU-stack
                0x00000000        0x0 /opt/Xilinx/SDK/2015.4/gnu/arm/lin/bin/../lib/gcc/arm-xilinx-linux-gnueabi/4.9.2/libgcc.a(_divsi3.o)
 .debug_frame   0x00000000       0x20 /opt/Xilinx/SDK/2015.4/gnu/arm/lin/bin/../lib/gcc/arm-xilinx-linux-gnueabi/4.9.2/libgcc.a(_divsi3.o)
 .ARM.attributes
                0x00000000       0x25 /opt/Xilinx/SDK/2015.4/gnu/arm/lin/bin/../lib/gcc/arm-xilinx-linux-gnueabi/4.9.2/libgcc.a(_divsi3.o)
 .data          0x00000000        0x0 /opt/Xilinx/SDK/2015.4/gnu/arm/lin/bin/../lib/gcc/arm-xilinx-linux-gnueabi/4.9.2/libgcc.a(_lshrdi3.o)
 .bss           0x00000000        0x0 /opt/Xilinx/SDK/2015.4/gnu/arm/lin/bin/../lib/gcc/arm-xilinx-linux-gnueabi/4.9.2/libgcc.a(_lshrdi3.o)
 .data          0x00000000        0x0 /opt/Xilinx/SDK/2015.4/gnu/arm/lin/bin/../lib/gcc/arm-xilinx-linux-gnueabi/4.9.2/libgcc.a(_ashldi3.o)
 .bss           0x00000000        0x0 /opt/Xilinx/SDK/2015.4/gnu/arm/lin/bin/../lib/gcc/arm-xilinx-linux-gnueabi/4.9.2/libgcc.a(_ashldi3.o)
 .data          0x00000000        0x0 /opt/Xilinx/SDK/2015.4/gnu/arm/lin/bin/../lib/gcc/arm-xilinx-linux-gnueabi/4.9.2/libgcc.a(_dvmd_lnx.o)
 .bss           0x00000000        0x0 /opt/Xilinx/SDK/2015.4/gnu/arm/lin/bin/../lib/gcc/arm-xilinx-linux-gnueabi/4.9.2/libgcc.a(_dvmd_lnx.o)

Memory Configuration

Name             Origin             Length             Attributes
*default*        0x00000000         0xffffffff

Linker script and memory map

                0x00000000                . = 0x0
                0x00000000                . = ALIGN (0x4)

.text           0x00000000     0x823c
                0x00000000                __image_copy_start = .
 *(.vectors)
 .vectors       0x00000000       0x60 arch/arm/lib/built-in.o
                0x00000000                _start
                0x00000024                _undefined_instruction
                0x00000028                _software_interrupt
                0x0000002c                _prefetch_abort
                0x00000030                _data_abort
                0x00000034                _not_used
                0x00000038                _irq
                0x0000003c                _fiq
 arch/arm/cpu/armv7/start.o(.text*)
 .text          0x00000060      0x234 arch/arm/cpu/armv7/start.o
                0x00000060                reset
                0x00000238                c_runtime_cpu_setup
                0x00000250                save_boot_params
                0x00000254                cpu_init_cp15
                0x0000028c                cpu_init_crit
 *(.text*)
 .text          0x00000294       0x20 arch/arm/lib/built-in.o
                0x00000294                _main
 .text.jump_to_image_linux
                0x000002b4       0x28 arch/arm/lib/built-in.o
                0x000002b4                jump_to_image_linux
 .text.cp_delay
                0x000002dc       0x30 arch/arm/lib/built-in.o
 .text.icache_disable
                0x0000030c       0x1c arch/arm/lib/built-in.o
                0x0000030c                icache_disable
 .text.dcache_disable
                0x00000328        0x4 arch/arm/lib/built-in.o
                0x00000328                dcache_disable
 .text.invalidate_dcache_all
                0x0000032c        0x4 arch/arm/cpu/armv7/built-in.o
                0x0000032c                invalidate_dcache_all
 .text.flush_dcache_range
                0x00000330        0x4 arch/arm/cpu/armv7/built-in.o
                0x00000330                flush_dcache_range
 .text.invalidate_icache_all
                0x00000334       0x18 arch/arm/cpu/armv7/built-in.o
                0x00000334                invalidate_icache_all
 .text.v7_outer_cache_disable
                0x0000034c        0x4 arch/arm/cpu/armv7/built-in.o
                0x0000034c                v7_outer_cache_disable
 .text.cpu_cache_initialization
                0x00000350        0x4 arch/arm/cpu/armv7/built-in.o
                0x00000350                cpu_cache_initialization
 .text.cleanup_before_linux
                0x00000354       0x24 arch/arm/cpu/armv7/built-in.o
                0x00000354                cleanup_before_linux
 .text          0x00000378       0x24 arch/arm/cpu/armv7/zynq/built-in.o
                0x00000378                lowlevel_init
 .text.timer_init
                0x0000039c       0x68 arch/arm/cpu/armv7/zynq/built-in.o
                0x0000039c                timer_init
 .text.get_timer_masked
                0x00000404       0x50 arch/arm/cpu/armv7/zynq/built-in.o
                0x00000404                get_timer_masked
 .text.__udelay
                0x00000454       0x90 arch/arm/cpu/armv7/zynq/built-in.o
                0x00000454                __udelay
 .text.get_timer
                0x000004e4       0x14 arch/arm/cpu/armv7/zynq/built-in.o
                0x000004e4                get_timer
 .text.arch_cpu_init
                0x000004f8       0x18 arch/arm/cpu/armv7/zynq/built-in.o
                0x000004f8                arch_cpu_init
 .text.zynq_slcr_lock
                0x00000510       0x2c arch/arm/cpu/armv7/zynq/built-in.o
                0x00000510                zynq_slcr_lock
 .text.zynq_slcr_unlock
                0x0000053c       0x2c arch/arm/cpu/armv7/zynq/built-in.o
                0x0000053c                zynq_slcr_unlock
 .text.zynq_slcr_devcfg_disable
                0x00000568       0x24 arch/arm/cpu/armv7/zynq/built-in.o
                0x00000568                zynq_slcr_devcfg_disable
 .text.zynq_slcr_devcfg_enable
                0x0000058c       0x24 arch/arm/cpu/armv7/zynq/built-in.o
                0x0000058c                zynq_slcr_devcfg_enable
 .text.zynq_slcr_get_boot_mode
                0x000005b0        0xc arch/arm/cpu/armv7/zynq/built-in.o
                0x000005b0                zynq_slcr_get_boot_mode
 .text.zynq_slcr_get_idcode
                0x000005bc       0x10 arch/arm/cpu/armv7/zynq/built-in.o
                0x000005bc                zynq_slcr_get_idcode
 .text.zynq_slcr_get_mio_pin_status
                0x000005cc       0xa0 arch/arm/cpu/armv7/zynq/built-in.o
                0x000005cc                zynq_slcr_get_mio_pin_status
 .text.__zynq_clk_pll_get_rate
                0x0000066c       0x20 arch/arm/cpu/armv7/zynq/built-in.o
 .text.zynq_clk_early_init
                0x0000068c       0x58 arch/arm/cpu/armv7/zynq/built-in.o
                0x0000068c                zynq_clk_early_init
 .text.get_uart_clk
                0x000006e4       0x50 arch/arm/cpu/armv7/zynq/built-in.o
                0x000006e4                get_uart_clk
 .text.zynq_clk_get_rate
                0x00000734       0x20 arch/arm/cpu/armv7/zynq/built-in.o
                0x00000734                zynq_clk_get_rate
 .text.spl_board_init
                0x00000754        0x4 arch/arm/cpu/armv7/zynq/built-in.o
                0x00000754                spl_board_init
 .text.spl_boot_device
                0x00000758       0x80 arch/arm/cpu/armv7/zynq/built-in.o
                0x00000758                spl_boot_device
 .text.spl_boot_mode
                0x000007d8        0x8 arch/arm/cpu/armv7/zynq/built-in.o
                0x000007d8                spl_boot_mode
 .text.spl_start_uboot
                0x000007e0        0x8 arch/arm/cpu/armv7/zynq/built-in.o
                0x000007e0                spl_start_uboot
 .text.ps7_init
                0x000007e8        0x4 arch/arm/cpu/armv7/zynq/built-in.o
                0x000007e8                ps7_init
 .text.board_init_f
                0x000007ec       0x40 arch/arm/cpu/armv7/zynq/built-in.o
                0x000007ec                board_init_f
 .text.board_init
                0x0000082c       0xd4 board/xilinx/zynq/built-in.o
                0x0000082c                board_init
 .text.board_mmc_init
                0x00000900        0xc board/xilinx/zynq/built-in.o
                0x00000900                board_mmc_init
 .text.spl_board_prepare_for_linux
                0x0000090c        0x4 common/spl/built-in.o
                0x0000090c                spl_board_prepare_for_linux
 .text.spl_parse_image_header
                0x00000910       0xa8 common/spl/built-in.o
                0x00000910                spl_parse_image_header
 .text.jump_to_image_no_args
                0x000009b8        0xc common/spl/built-in.o
                0x000009b8                jump_to_image_no_args
 .text.board_init_r
                0x000009c4       0x6c common/spl/built-in.o
                0x000009c4                board_init_r
 .text.preloader_console_init
                0x00000a30       0x38 common/spl/built-in.o
                0x00000a30                preloader_console_init
 .text.mmc_load_image_raw
                0x00000a68       0xb4 common/spl/built-in.o
 .text.spl_mmc_load_image
                0x00000b1c      0x160 common/spl/built-in.o
                0x00000b1c                spl_mmc_load_image
 .text.spl_register_fat_device.part.0
                0x00000c7c       0x3c common/spl/built-in.o
 .text.spl_load_image_fat
                0x00000cb8       0xa0 common/spl/built-in.o
                0x00000cb8                spl_load_image_fat
 .text.spl_load_image_fat_os
                0x00000d58       0x84 common/spl/built-in.o
                0x00000d58                spl_load_image_fat_os
 .text.fgetc    0x00000ddc       0x24 common/built-in.o
                0x00000ddc                fgetc
 .text.ftstc    0x00000e00       0x24 common/built-in.o
                0x00000e00                ftstc
 .text.getc     0x00000e24       0x24 common/built-in.o
                0x00000e24                getc
 .text.tstc     0x00000e48       0x24 common/built-in.o
                0x00000e48                tstc
 .text.puts     0x00000e6c       0x30 common/built-in.o
                0x00000e6c                puts
 .text.printf   0x00000e9c       0x58 common/built-in.o
                0x00000e9c                printf
 .text.ctrlc    0x00000ef4       0x58 common/built-in.o
                0x00000ef4                ctrlc
 .text.sbrk     0x00000f4c       0x70 common/built-in.o
                0x00000f4c                sbrk
 .text.mem_malloc_init
                0x00000fbc       0x34 common/built-in.o
                0x00000fbc                mem_malloc_init
 .text.malloc_trim
                0x00000ff0       0xcc common/built-in.o
                0x00000ff0                malloc_trim
 .text.free     0x000010bc      0x230 common/built-in.o
                0x000010bc                free
 .text.malloc   0x000012ec      0x608 common/built-in.o
                0x000012ec                malloc
 .text.calloc   0x000018f4       0xd4 common/built-in.o
                0x000018f4                calloc
 .text.memalign
                0x000019c8      0x10c common/built-in.o
                0x000019c8                memalign
 .text.init_part
                0x00001ad4       0x20 disk/built-in.o
                0x00001ad4                init_part
 .text.get_partition_info
                0x00001af4       0x2c disk/built-in.o
                0x00001af4                get_partition_info
 .text.test_block_type
                0x00001b20       0x84 disk/built-in.o
 .text.get_partition_info_extended.constprop.2
                0x00001ba4      0x2dc disk/built-in.o
 .text.test_part_dos
                0x00001e80       0x64 disk/built-in.o
                0x00001e80                test_part_dos
 .text.get_partition_info_dos
                0x00001ee4       0x20 disk/built-in.o
                0x00001ee4                get_partition_info_dos
 .text.mmc_berase
                0x00001f04        0x8 drivers/mmc/built-in.o
 .text.mmc_bwrite
                0x00001f0c        0x8 drivers/mmc/built-in.o
 .text.mmc_set_ios
                0x00001f14       0x18 drivers/mmc/built-in.o
 .text.mmc_set_capacity
                0x00001f2c       0xac drivers/mmc/built-in.o
 .text.__board_mmc_getcd
                0x00001fd8        0x8 drivers/mmc/built-in.o
                0x00001fd8                __board_mmc_getcd
                0x00001fd8                board_mmc_getcd
 .text.mmc_send_cmd
                0x00001fe0       0x10 drivers/mmc/built-in.o
                0x00001fe0                mmc_send_cmd
 .text.mmc_go_idle
                0x00001ff0       0x4c drivers/mmc/built-in.o
 .text.mmc_send_op_cond_iter
                0x0000203c       0x84 drivers/mmc/built-in.o
 .text.mmc_send_ext_csd
                0x000020c0       0x4c drivers/mmc/built-in.o
 .text.mmc_send_status
                0x0000210c       0xd0 drivers/mmc/built-in.o
                0x0000210c                mmc_send_status
 .text.mmc_switch.isra.1
                0x000021dc       0x54 drivers/mmc/built-in.o
 .text.mmc_set_blocklen
                0x00002230       0x40 drivers/mmc/built-in.o
                0x00002230                mmc_set_blocklen
 .text.find_mmc_device
                0x00002270       0x4c drivers/mmc/built-in.o
                0x00002270                find_mmc_device
 .text.mmc_bread
                0x000022bc      0x144 drivers/mmc/built-in.o
 .text.mmc_send_op_cond
                0x00002400       0x74 drivers/mmc/built-in.o
                0x00002400                mmc_send_op_cond
 .text.mmc_complete_op_cond
                0x00002474       0x8c drivers/mmc/built-in.o
                0x00002474                mmc_complete_op_cond
 .text.mmc_getcd
                0x00002500       0x3c drivers/mmc/built-in.o
                0x00002500                mmc_getcd
 .text.mmc_set_clock
                0x0000253c       0x24 drivers/mmc/built-in.o
                0x0000253c                mmc_set_clock
 .text.mmc_startup
                0x00002560      0xadc drivers/mmc/built-in.o
 .text.mmc_create
                0x0000303c      0x100 drivers/mmc/built-in.o
                0x0000303c                mmc_create
 .text.mmc_start_init
                0x0000313c      0x220 drivers/mmc/built-in.o
                0x0000313c                mmc_start_init
 .text.mmc_init
                0x0000335c       0x8c drivers/mmc/built-in.o
                0x0000335c                mmc_init
 .text.__def_mmc_init
                0x000033e8        0x8 drivers/mmc/built-in.o
                0x000033e8                cpu_mmc_init
 .text.mmc_initialize
                0x000033f0       0x6c drivers/mmc/built-in.o
                0x000033f0                mmc_initialize
 .text.sdhci_set_ios
                0x0000345c      0x1d4 drivers/mmc/built-in.o
                0x0000345c                sdhci_set_ios
 .text.sdhci_init
                0x00003630      0x19c drivers/mmc/built-in.o
                0x00003630                sdhci_init
 .text.sdhci_reset
                0x000037cc       0x60 drivers/mmc/built-in.o
 .text.sdhci_send_command
                0x0000382c      0x3d8 drivers/mmc/built-in.o
                0x0000382c                sdhci_send_command
 .text.add_sdhci
                0x00003c04      0x168 drivers/mmc/built-in.o
                0x00003c04                add_sdhci
 .text.zynq_sdhci_init
                0x00003d6c       0x70 drivers/mmc/built-in.o
                0x00003d6c                zynq_sdhci_init
 .text.get_current
                0x00003ddc       0x44 drivers/serial/built-in.o
 .text.serial_init
                0x00003e20       0x14 drivers/serial/built-in.o
                0x00003e20                serial_init
 .text.serial_getc
                0x00003e34       0x14 drivers/serial/built-in.o
                0x00003e34                serial_getc
 .text.serial_tstc
                0x00003e48       0x14 drivers/serial/built-in.o
                0x00003e48                serial_tstc
 .text.serial_puts
                0x00003e5c       0x1c drivers/serial/built-in.o
                0x00003e5c                serial_puts
 .text.uart_zynq_serial_putc
                0x00003e78       0x40 drivers/serial/built-in.o
 .text.uart_zynq1_tstc
                0x00003eb8       0x18 drivers/serial/built-in.o
 .text.uart_zynq1_putc
                0x00003ed0        0x8 drivers/serial/built-in.o
 .text.uart_zynq1_puts
                0x00003ed8       0x24 drivers/serial/built-in.o
 .text.uart_zynq_serial_setbrg
                0x00003efc       0xa8 drivers/serial/built-in.o
 .text.uart_zynq1_setbrg
                0x00003fa4        0x8 drivers/serial/built-in.o
 .text.uart_zynq1_init
                0x00003fac       0x2c drivers/serial/built-in.o
 .text.uart_zynq1_getc
                0x00003fd8       0x20 drivers/serial/built-in.o
 .text.default_serial_console
                0x00003ff8        0xc drivers/serial/built-in.o
                0x00003ff8                default_serial_console
 .text.spl_spi_load_image
                0x00004004       0xec drivers/mtd/spi/built-in.o
                0x00004004                spl_spi_load_image
 .text.spi_flash_read_write
                0x000040f0       0x84 drivers/mtd/spi/built-in.o
 .text.spi_flash_cmd_read
                0x00004174       0x20 drivers/mtd/spi/built-in.o
                0x00004174                spi_flash_cmd_read
 .text.spi_flash_cmd
                0x00004194       0x2c drivers/mtd/spi/built-in.o
                0x00004194                spi_flash_cmd
 .text.spi_flash_cmd_write
                0x000041c0       0x20 drivers/mtd/spi/built-in.o
                0x000041c0                spi_flash_cmd_write
 .text.spi_flash_set_qeb
                0x000041e0       0x6c drivers/mtd/spi/built-in.o
 .text.spi_flash_probe
                0x0000424c      0x408 drivers/mtd/spi/built-in.o
                0x0000424c                spi_flash_probe
 .text.spi_flash_dual_flash
                0x00004654       0x5c drivers/mtd/spi/built-in.o
 .text.spi_flash_cmd_wait_ready
                0x000046b0       0xe8 drivers/mtd/spi/built-in.o
                0x000046b0                spi_flash_cmd_wait_ready
 .text.spi_flash_write_common
                0x00004798       0x9c drivers/mtd/spi/built-in.o
                0x00004798                spi_flash_write_common
 .text.spi_flash_bank
                0x00004834       0x90 drivers/mtd/spi/built-in.o
 .text.spi_flash_cmd_erase_ops
                0x000048c4       0xe0 drivers/mtd/spi/built-in.o
                0x000048c4                spi_flash_cmd_erase_ops
 .text.spi_flash_cmd_write_ops
                0x000049a4       0xec drivers/mtd/spi/built-in.o
                0x000049a4                spi_flash_cmd_write_ops
 .text.spi_flash_read_common
                0x00004a90       0x5c drivers/mtd/spi/built-in.o
                0x00004a90                spi_flash_read_common
 .text.spi_flash_cmd_read_status
                0x00004aec       0x2c drivers/mtd/spi/built-in.o
                0x00004aec                spi_flash_cmd_read_status
 .text.spi_flash_cmd_write_config
                0x00004b18       0x4c drivers/mtd/spi/built-in.o
                0x00004b18                spi_flash_cmd_write_config
 .text.spi_flash_cmd_read_config
                0x00004b64       0x2c drivers/mtd/spi/built-in.o
                0x00004b64                spi_flash_cmd_read_config
 .text.spi_flash_cmd_read_ops
                0x00004b90      0x1a0 drivers/mtd/spi/built-in.o
                0x00004b90                spi_flash_cmd_read_ops
 .text.spi_do_alloc_slave
                0x00004d30       0x4c drivers/spi/built-in.o
                0x00004d30                spi_do_alloc_slave
 .text.zynq_qspi_setup_transfer
                0x00004d7c       0xa4 drivers/spi/built-in.o
 .text.zynq_qspi_fill_tx_fifo
                0x00004e20      0x184 drivers/spi/built-in.o
 .text.spi_setup_slave
                0x00004fa4      0x268 drivers/spi/built-in.o
                0x00004fa4                spi_setup_slave
 .text.spi_free_slave
                0x0000520c        0x4 drivers/spi/built-in.o
                0x0000520c                spi_free_slave
 .text.spi_claim_bus
                0x00005210        0x8 drivers/spi/built-in.o
                0x00005210                spi_claim_bus
 .text.spi_release_bus
                0x00005218        0x4 drivers/spi/built-in.o
                0x00005218                spi_release_bus
 .text.spi_xfer
                0x0000521c      0x3b0 drivers/spi/built-in.o
                0x0000521c                spi_xfer
 .text.downcase
                0x000055cc       0x30 fs/built-in.o
 .text.disk_read
                0x000055fc       0x64 fs/built-in.o
 .text.dirdelim
                0x00005660       0x30 fs/built-in.o
 .text.get_fatent
                0x00005690      0x154 fs/built-in.o
 .text.mkcksum  0x000057e4       0x50 fs/built-in.o
 .text.get_cluster
                0x00005834      0x170 fs/built-in.o
 .text.get_name
                0x000059a4       0xac fs/built-in.o
 .text.read_bootsectandvi
                0x00005a50      0x128 fs/built-in.o
 .text.slot2str
                0x00005b78       0xbc fs/built-in.o
 .text.get_vfatname
                0x00005c34      0x1b8 fs/built-in.o
 .text.fat_set_blk_dev
                0x00005dec       0xcc fs/built-in.o
                0x00005dec                fat_set_blk_dev
 .text.fat_register_device
                0x00005eb8       0x88 fs/built-in.o
                0x00005eb8                fat_register_device
 .text.do_fat_read_at
                0x00005f40      0xb00 fs/built-in.o
                0x00005f40                do_fat_read_at
 .text.file_fat_read_at
                0x00006a40       0x4c fs/built-in.o
                0x00006a40                file_fat_read_at
 .text.file_fat_read
                0x00006a8c       0x14 fs/built-in.o
                0x00006a8c                file_fat_read
 .text.fpga_no_sup
                0x00006aa0       0x4c drivers/fpga/built-in.o
 .text.fpga_get_desc
                0x00006aec       0x34 drivers/fpga/built-in.o
                0x00006aec                fpga_get_desc
 .text.fpga_validate
                0x00006b20       0x54 drivers/fpga/built-in.o
                0x00006b20                fpga_validate
 .text.fpga_init
                0x00006b74       0x20 drivers/fpga/built-in.o
                0x00006b74                fpga_init
 .text.fpga_add
                0x00006b94       0xa0 drivers/fpga/built-in.o
                0x00006b94                fpga_add
 .text.fpga_load
                0x00006c34       0x94 drivers/fpga/built-in.o
                0x00006c34                fpga_load
 .text.zynq_info
                0x00006cc8        0x8 drivers/fpga/built-in.o
 .text.zynq_dump
                0x00006cd0        0x8 drivers/fpga/built-in.o
 .text.load_word
                0x00006cd8       0x48 drivers/fpga/built-in.o
 .text.zynq_load
                0x00006d20      0x3e0 drivers/fpga/built-in.o
 .text.xilinx_validate
                0x00007100       0x7c drivers/fpga/built-in.o
 .text.xilinx_load
                0x0000717c       0x84 drivers/fpga/built-in.o
                0x0000717c                xilinx_load
 .text.__div64_32
                0x00007200       0xd4 lib/built-in.o
                0x00007200                __div64_32
 .text.hang     0x000072d4       0x14 lib/built-in.o
                0x000072d4                hang
 .text.strcpy   0x000072e8       0x18 lib/built-in.o
                0x000072e8                strcpy
 .text.strcmp   0x00007300       0x28 lib/built-in.o
                0x00007300                strcmp
 .text.strncmp  0x00007328       0x3c lib/built-in.o
                0x00007328                strncmp
 .text.strnlen  0x00007364       0x2c lib/built-in.o
                0x00007364                strnlen
 .text.memset   0x00007390       0x5c lib/built-in.o
                0x00007390                memset
 .text.memcpy   0x000073ec       0x6c lib/built-in.o
                0x000073ec                memcpy
 .text.memcmp   0x00007458       0x30 lib/built-in.o
                0x00007458                memcmp
 .text.udelay   0x00007488       0x30 lib/built-in.o
                0x00007488                udelay
 .text.put_dec_trunc
                0x000074b8       0xd4 lib/built-in.o
 .text.put_dec  0x0000758c      0x13c lib/built-in.o
 .text.string.isra.0
                0x000076c8       0x94 lib/built-in.o
 .text.number.isra.4
                0x0000775c      0x250 lib/built-in.o
 .text.vsnprintf_internal.isra.6
                0x000079ac      0x608 lib/built-in.o
 .text.vsprintf
                0x00007fb4        0x4 lib/built-in.o
                0x00007fb4                vsprintf
 .text.sprintf  0x00007fb8       0x28 lib/built-in.o
                0x00007fb8                sprintf
 .text.raise    0x00007fe0        0x8 arch/arm/lib/eabi_compat.o
                0x00007fe0                raise
 .text          0x00007fe8      0x20c /opt/Xilinx/SDK/2015.4/gnu/arm/lin/bin/../lib/gcc/arm-xilinx-linux-gnueabi/4.9.2/libgcc.a(_udivsi3.o)
                0x00007fe8                __udivsi3
                0x00007fe8                __aeabi_uidiv
                0x000081d4                __aeabi_uidivmod
 .text          0x000081f4       0x1c /opt/Xilinx/SDK/2015.4/gnu/arm/lin/bin/../lib/gcc/arm-xilinx-linux-gnueabi/4.9.2/libgcc.a(_lshrdi3.o)
                0x000081f4                __aeabi_llsr
                0x000081f4                __lshrdi3
 .text          0x00008210       0x1c /opt/Xilinx/SDK/2015.4/gnu/arm/lin/bin/../lib/gcc/arm-xilinx-linux-gnueabi/4.9.2/libgcc.a(_ashldi3.o)
                0x00008210                __ashldi3
                0x00008210                __aeabi_llsl
 .text          0x0000822c       0x10 /opt/Xilinx/SDK/2015.4/gnu/arm/lin/bin/../lib/gcc/arm-xilinx-linux-gnueabi/4.9.2/libgcc.a(_dvmd_lnx.o)
                0x0000822c                __aeabi_ldiv0
                0x0000822c                __aeabi_idiv0

.glue_7         0x0000823c        0x0
 .glue_7        0x00000000        0x0 linker stubs

.glue_7t        0x0000823c        0x0
 .glue_7t       0x00000000        0x0 linker stubs

.vfp11_veneer   0x0000823c        0x0
 .vfp11_veneer  0x00000000        0x0 linker stubs

.v4_bx          0x0000823c        0x0
 .v4_bx         0x00000000        0x0 linker stubs

.iplt           0x0000823c        0x0
 .iplt          0x00000000        0x0 arch/arm/cpu/armv7/start.o
                0x0000823c                . = ALIGN (0x4)

.rodata         0x0000823c     0x24c8
 *(SORT(.rodata*))
 .rodata.CSWTCH.35
                0x0000823c        0xc arch/arm/cpu/armv7/zynq/built-in.o
 .rodata.bin_format
                0x00008248       0x34 drivers/fpga/built-in.o
 .rodata.ext_csd_bits.7494
                0x0000827c       0x14 drivers/mmc/built-in.o
 .rodata.ext_to_hostcaps.7495
                0x00008290       0x1c drivers/mmc/built-in.o
 .rodata.fbase  0x000082ac       0x10 drivers/mmc/built-in.o
 .rodata.fpga010
                0x000082bc       0x1c board/xilinx/zynq/built-in.o
 .rodata.fpga015
                0x000082d8       0x1c board/xilinx/zynq/built-in.o
 .rodata.fpga020
                0x000082f4       0x1c board/xilinx/zynq/built-in.o
 .rodata.fpga030
                0x00008310       0x1c board/xilinx/zynq/built-in.o
 .rodata.fpga045
                0x0000832c       0x1c board/xilinx/zynq/built-in.o
 .rodata.fpga100
                0x00008348       0x1c board/xilinx/zynq/built-in.o
 .rodata.mio_periphs
                0x00008364       0xc8 arch/arm/cpu/armv7/zynq/built-in.o
 .rodata.multipliers
                0x0000842c       0x40 drivers/mmc/built-in.o
 .rodata.nand16_pins
                0x0000846c       0x20 arch/arm/cpu/armv7/zynq/built-in.o
 .rodata.nand8_pins
                0x0000848c       0x34 arch/arm/cpu/armv7/zynq/built-in.o
 .rodata.offsets.9156
                0x000084c0       0x10 drivers/spi/built-in.o
 .rodata.qspi0_dio_pins
                0x000084d0       0x10 arch/arm/cpu/armv7/zynq/built-in.o
 .rodata.qspi0_pins
                0x000084e0       0x18 arch/arm/cpu/armv7/zynq/built-in.o
 .rodata.qspi1_cs_dio_pin
                0x000084f8        0x4 arch/arm/cpu/armv7/zynq/built-in.o
 .rodata.qspi1_cs_pin
                0x000084fc        0x4 arch/arm/cpu/armv7/zynq/built-in.o
 .rodata.qspi1_dio_pins
                0x00008500        0xc arch/arm/cpu/armv7/zynq/built-in.o
 .rodata.qspi1_pins
                0x0000850c       0x14 arch/arm/cpu/armv7/zynq/built-in.o
 .rodata.sdhci_ops
                0x00008520       0x14 drivers/mmc/built-in.o
 .rodata.spi_flash_params_table
                0x00008534      0x4f8 drivers/mtd/spi/built-in.o
                0x00008534                spi_flash_params_table
 .rodata.uart_zynq_ports
                0x00008a2c        0x8 drivers/serial/built-in.o
 .rodata.uart_zynq_ports_param
                0x00008a34        0x8 drivers/serial/built-in.o
 .rodata.usb0_pins
                0x00008a3c       0x30 arch/arm/cpu/armv7/zynq/built-in.o
 .rodata.usb1_pins
                0x00008a6c       0x30 arch/arm/cpu/armv7/zynq/built-in.o
 .rodata.widths.7496
                0x00008a9c       0x14 drivers/mmc/built-in.o
 .rodata.CSWTCH.28
                0x00008ab0        0x4 arch/arm/cpu/armv7/zynq/built-in.o
 .rodata.__FUNCTION__.7277
                0x00008ab4        0xc drivers/fpga/built-in.o
 .rodata.__func__.7189
                0x00008ac0       0x18 common/spl/built-in.o
 .rodata.__func__.7198
                0x00008ad8       0x13 common/spl/built-in.o
 .rodata.__func__.7205
                0x00008aeb       0x16 common/spl/built-in.o
 .rodata.__func__.7278
                0x00008b01        0xc drivers/fpga/built-in.o
 .rodata.__func__.7367
                0x00008b0d        0x9 drivers/fpga/built-in.o
 .rodata.__func__.7394
                0x00008b16        0xa drivers/fpga/built-in.o
 .rodata.__func__.7619
                0x00008b20        0xc drivers/mmc/built-in.o
 .rodata.__func__.7650
                0x00008b2c       0x14 drivers/mmc/built-in.o
 .rodata.__func__.7672
                0x00008b40       0x13 drivers/mmc/built-in.o
 .rodata.__func__.7692
                0x00008b53       0x10 drivers/mmc/built-in.o
 .rodata.__func__.7716
                0x00008b63        0xb drivers/mmc/built-in.o
 .rodata.__func__.7728
                0x00008b6e        0xa drivers/mmc/built-in.o
 .rodata.__func__.8330
                0x00008b78       0x12 drivers/fpga/built-in.o
 .rodata.__func__.8357
                0x00008b8a       0x13 drivers/fpga/built-in.o
 .rodata.__func__.8391
                0x00008b9d       0x16 drivers/fpga/built-in.o
 .rodata.__func__.8409
                0x00008bb3       0x18 drivers/fpga/built-in.o
 .rodata.__func__.8419
                0x00008bcb        0xa drivers/fpga/built-in.o
 .rodata.__func__.9140
                0x00008bd5       0x19 drivers/spi/built-in.o
 .rodata.__func__.9173
                0x00008bee       0x13 drivers/spi/built-in.o
 .rodata.__func__.9254
                0x00008c01       0x10 drivers/spi/built-in.o
 .rodata._ctype
                0x00008c11      0x100 lib/built-in.o
                0x00008c11                _ctype
 .rodata.digits.7126
                0x00008d11       0x10 lib/built-in.o
 .rodata.hex_asc
                0x00008d21       0x11 lib/built-in.o
 .rodata.spi_read_cmds_array
                0x00008d32        0x5 drivers/mtd/spi/built-in.o
 .rodata.str1.1
                0x00008d37      0x21f arch/arm/cpu/armv7/zynq/built-in.o
                                0x229 (size before relaxing)
 .rodata.str1.1
                0x00008f56       0x78 board/xilinx/zynq/built-in.o
                                 0x79 (size before relaxing)
 .rodata.str1.1
                0x00008fce      0x1bb common/spl/built-in.o
 .rodata.str1.1
                0x00009189      0x449 disk/built-in.o
                                0x469 (size before relaxing)
 .rodata.str1.1
                0x000095d2      0x2ec drivers/mmc/built-in.o
                                0x2ee (size before relaxing)
 .rodata.str1.1
                0x000098be       0x15 drivers/serial/built-in.o
 .rodata.str1.1
                0x000098d3      0x2a5 drivers/mtd/spi/built-in.o
 .rodata.str1.1
                0x00009b78       0x9d drivers/spi/built-in.o
                                 0xd3 (size before relaxing)
 .rodata.str1.1
                0x00009c15      0x2bb fs/built-in.o
                                0x2e6 (size before relaxing)
 .rodata.str1.1
                0x00009ed0      0x703 drivers/fpga/built-in.o
                                0x717 (size before relaxing)
 .rodata.str1.1
                0x0000a5d3      0x131 lib/built-in.o
                                0x133 (size before relaxing)
                0x0000a704                . = ALIGN (0x4)

.data           0x0000a708      0x558
 *(.data*)
 .data          0x0000a708       0xa8 arch/arm/lib/built-in.o
                0x0000a708                gdata
 .data.slcr_lock
                0x0000a7b0        0x4 arch/arm/cpu/armv7/zynq/built-in.o
 .data          0x0000a7b4       0x50 common/spl/built-in.o
 .data.av_      0x0000a804      0x408 common/built-in.o
 .data.sbrk_base
                0x0000ac0c        0x4 common/built-in.o
 .data.trim_threshold
                0x0000ac10        0x4 common/built-in.o
 .data.cur_dev_num
                0x0000ac14        0x4 drivers/mmc/built-in.o
 .data.cmd_timeout.7671
                0x0000ac18        0x4 drivers/mmc/built-in.o
 .data.uart_zynq_serial1_device
                0x0000ac1c       0x30 drivers/serial/built-in.o
 .data.next_desc
                0x0000ac4c        0x4 drivers/fpga/built-in.o
 .data.zynq_op  0x0000ac50       0x10 drivers/fpga/built-in.o
                0x0000ac50                zynq_op

.igot.plt       0x0000ac60        0x0
 .igot.plt      0x00000000        0x0 arch/arm/cpu/armv7/start.o

.__bss_end      0x0000ac60        0x0
 .__bss_end     0x0000ac60        0x0 arch/arm/lib/built-in.o

.__bss_start    0x0000ac60        0x0
 .__bss_start   0x0000ac60        0x0 arch/arm/lib/built-in.o
                0x0000ac60                . = ALIGN (0x4)
                0x0000ac60                . = .
                0x0000ac60                __image_copy_end = .

.rel.dyn        0x0000ac60        0x0
                0x0000ac60                __rel_dyn_start = .
 *(.rel*)
 .rel.iplt      0x00000000        0x0 arch/arm/cpu/armv7/start.o
                0x0000ac60                __rel_dyn_end = .
                0x0000ac60                _end = .

.bss            0x0000ac60      0x65c
                0x0000ac60                __bss_start = .
 *(.bss*)
 .bss.clks      0x0000ac60      0x540 arch/arm/cpu/armv7/zynq/built-in.o
 .bss.fpga      0x0000b1a0       0x1c board/xilinx/zynq/built-in.o
 .bss.spl_image
                0x0000b1bc       0x18 common/spl/built-in.o
                0x0000b1bc                spl_image
 .bss.fat_registered
                0x0000b1d4        0x4 common/spl/built-in.o
 .bss.ctrlc_was_pressed
                0x0000b1d8        0x4 common/built-in.o
 .bss.ctrlc_disabled
                0x0000b1dc        0x4 common/built-in.o
 .bss.max_total_mem
                0x0000b1e0        0x4 common/built-in.o
 .bss.mem_malloc_brk
                0x0000b1e4        0x4 common/built-in.o
                0x0000b1e4                mem_malloc_brk
 .bss.max_sbrked_mem
                0x0000b1e8        0x4 common/built-in.o
 .bss.current_mallinfo
                0x0000b1ec       0x28 common/built-in.o
 .bss.mem_malloc_end
                0x0000b214        0x4 common/built-in.o
                0x0000b214                mem_malloc_end
 .bss.top_pad   0x0000b218        0x4 common/built-in.o
 .bss.mem_malloc_start
                0x0000b21c        0x4 common/built-in.o
                0x0000b21c                mem_malloc_start
 .bss.stdio_devices
                0x0000b220        0xc common/built-in.o
                0x0000b220                stdio_devices
 .bss.mmc_devices
                0x0000b22c        0x8 drivers/mmc/built-in.o
 .bss.aligned_buffer
                0x0000b234        0x4 drivers/mmc/built-in.o
                0x0000b234                aligned_buffer
 .bss.serial_current
                0x0000b238        0x4 drivers/serial/built-in.o
 .bss.current_u_page.9197
                0x0000b23c        0x1 drivers/spi/built-in.o
 *fill*         0x0000b23d        0x3 
 .bss.cur_part_info
                0x0000b240       0x50 fs/built-in.o
 .bss.cur_dev   0x0000b290        0x4 fs/built-in.o
 .bss.desc_table
                0x0000b294       0x28 drivers/fpga/built-in.o
                0x0000b2bc                . = ALIGN (0x4)
                0x0000b2bc                __bss_end = .

/DISCARD/
 *(.dynsym)
 *(.dynstr*)
 *(.dynamic*)
 *(.plt*)
 *(.interp*)
 *(.gnu*)
                0x00100000                . = 0x100000

.ddr            0x00100000    0x30000
                0x00100000                __ddr_start = .
 *(.ddr*)
 .ddr           0x00100000    0x30000 fs/built-in.o
                0x00100000                get_contents_vfatname_block
                0x00110000                get_dentfromdir_block
                0x00120000                do_fat_read_at_block
                0x00130000                . = ALIGN (0x4)
                0x00130000                __ddr_end = .
                0x00000001                ASSERT (((__image_copy_end - __image_copy_start) < 0x30000), SPL image too big)
                0x00000001                ASSERT (((__bss_end - __bss_start) < 0x100000), SPL image BSS too big)
                0x00000001                ASSERT (((__bss_end - _start) < 0x30000), SPL image plus BSS too big)
Address of section .text set to 0x0
LOAD arch/arm/cpu/armv7/start.o
START GROUP
LOAD arch/arm/lib/built-in.o
LOAD arch/arm/cpu/armv7/built-in.o
LOAD arch/arm/cpu/armv7/zynq/built-in.o
LOAD board/xilinx/zynq/built-in.o
LOAD common/spl/built-in.o
LOAD common/built-in.o
LOAD disk/built-in.o
LOAD drivers/mmc/built-in.o
LOAD drivers/serial/built-in.o
LOAD drivers/mtd/spi/built-in.o
LOAD drivers/spi/built-in.o
LOAD fs/built-in.o
LOAD drivers/fpga/built-in.o
LOAD lib/built-in.o
LOAD arch/arm/cpu/built-in.o
END GROUP
LOAD arch/arm/lib/eabi_compat.o
LOAD /opt/Xilinx/SDK/2015.4/gnu/arm/lin/bin/../lib/gcc/arm-xilinx-linux-gnueabi/4.9.2/libgcc.a
OUTPUT(u-boot-spl elf32-littlearm)

.ARM.attributes
                0x00000000       0x2f
 .ARM.attributes
                0x00000000       0x21 arch/arm/cpu/armv7/start.o
 .ARM.attributes
                0x00000021       0x2d arch/arm/lib/built-in.o
 .ARM.attributes
                0x0000004e       0x2d arch/arm/cpu/armv7/built-in.o
 .ARM.attributes
                0x0000007b       0x2f arch/arm/cpu/armv7/zynq/built-in.o
 .ARM.attributes
                0x000000aa       0x2d board/xilinx/zynq/built-in.o
 .ARM.attributes
                0x000000d7       0x2d common/spl/built-in.o
 .ARM.attributes
                0x00000104       0x2d common/built-in.o
 .ARM.attributes
                0x00000131       0x2d disk/built-in.o
 .ARM.attributes
                0x0000015e       0x2d drivers/mmc/built-in.o
 .ARM.attributes
                0x0000018b       0x2d drivers/serial/built-in.o
 .ARM.attributes
                0x000001b8       0x2d drivers/mtd/spi/built-in.o
 .ARM.attributes
                0x000001e5       0x2d drivers/spi/built-in.o
 .ARM.attributes
                0x00000212       0x2d fs/built-in.o
 .ARM.attributes
                0x0000023f       0x2d drivers/fpga/built-in.o
 .ARM.attributes
                0x0000026c       0x2d lib/built-in.o
 .ARM.attributes
                0x00000299       0x2d arch/arm/lib/eabi_compat.o
 .ARM.attributes
                0x000002c6       0x25 /opt/Xilinx/SDK/2015.4/gnu/arm/lin/bin/../lib/gcc/arm-xilinx-linux-gnueabi/4.9.2/libgcc.a(_udivsi3.o)
 .ARM.attributes
                0x000002eb       0x25 /opt/Xilinx/SDK/2015.4/gnu/arm/lin/bin/../lib/gcc/arm-xilinx-linux-gnueabi/4.9.2/libgcc.a(_lshrdi3.o)
 .ARM.attributes
                0x00000310       0x25 /opt/Xilinx/SDK/2015.4/gnu/arm/lin/bin/../lib/gcc/arm-xilinx-linux-gnueabi/4.9.2/libgcc.a(_ashldi3.o)
 .ARM.attributes
                0x00000335       0x25 /opt/Xilinx/SDK/2015.4/gnu/arm/lin/bin/../lib/gcc/arm-xilinx-linux-gnueabi/4.9.2/libgcc.a(_dvmd_lnx.o)

.comment        0x00000000       0x30
 .comment       0x00000000       0x30 arch/arm/lib/built-in.o
                                0x126 (size before relaxing)
 .comment       0x00000000       0x93 arch/arm/cpu/armv7/built-in.o
 .comment       0x00000000      0x126 arch/arm/cpu/armv7/zynq/built-in.o
 .comment       0x00000000       0x62 board/xilinx/zynq/built-in.o
 .comment       0x00000000       0x93 common/spl/built-in.o
 .comment       0x00000000      0x1ea common/built-in.o
 .comment       0x00000000       0x62 disk/built-in.o
 .comment       0x00000000       0x93 drivers/mmc/built-in.o
 .comment       0x00000000       0x62 drivers/serial/built-in.o
 .comment       0x00000000       0xf5 drivers/mtd/spi/built-in.o
 .comment       0x00000000       0x62 drivers/spi/built-in.o
 .comment       0x00000000       0x31 fs/built-in.o
 .comment       0x00000000       0x93 drivers/fpga/built-in.o
 .comment       0x00000000      0x21b lib/built-in.o
 .comment       0x00000000       0x31 arch/arm/lib/eabi_compat.o

.note.GNU-stack
                0x00000000        0x0
 .note.GNU-stack
                0x00000000        0x0 arch/arm/lib/built-in.o
 .note.GNU-stack
                0x00000000        0x0 arch/arm/cpu/armv7/built-in.o
 .note.GNU-stack
                0x00000000        0x0 arch/arm/cpu/armv7/zynq/built-in.o
 .note.GNU-stack
                0x00000000        0x0 board/xilinx/zynq/built-in.o
 .note.GNU-stack
                0x00000000        0x0 common/spl/built-in.o
 .note.GNU-stack
                0x00000000        0x0 common/built-in.o
 .note.GNU-stack
                0x00000000        0x0 disk/built-in.o
 .note.GNU-stack
                0x00000000        0x0 drivers/mmc/built-in.o
 .note.GNU-stack
                0x00000000        0x0 drivers/serial/built-in.o
 .note.GNU-stack
                0x00000000        0x0 drivers/mtd/spi/built-in.o
 .note.GNU-stack
                0x00000000        0x0 drivers/spi/built-in.o
 .note.GNU-stack
                0x00000000        0x0 fs/built-in.o
 .note.GNU-stack
                0x00000000        0x0 drivers/fpga/built-in.o
 .note.GNU-stack
                0x00000000        0x0 lib/built-in.o
 .note.GNU-stack
                0x00000000        0x0 arch/arm/lib/eabi_compat.o
 .note.GNU-stack
                0x00000000        0x0 /opt/Xilinx/SDK/2015.4/gnu/arm/lin/bin/../lib/gcc/arm-xilinx-linux-gnueabi/4.9.2/libgcc.a(_udivsi3.o)
 .note.GNU-stack
                0x00000000        0x0 /opt/Xilinx/SDK/2015.4/gnu/arm/lin/bin/../lib/gcc/arm-xilinx-linux-gnueabi/4.9.2/libgcc.a(_lshrdi3.o)
 .note.GNU-stack
                0x00000000        0x0 /opt/Xilinx/SDK/2015.4/gnu/arm/lin/bin/../lib/gcc/arm-xilinx-linux-gnueabi/4.9.2/libgcc.a(_ashldi3.o)
 .note.GNU-stack
                0x00000000        0x0 /opt/Xilinx/SDK/2015.4/gnu/arm/lin/bin/../lib/gcc/arm-xilinx-linux-gnueabi/4.9.2/libgcc.a(_dvmd_lnx.o)

.debug_line     0x00000000     0x9739
 .debug_line    0x00000000       0xe7 arch/arm/cpu/armv7/start.o
 .debug_line    0x000000e7      0x8ae arch/arm/lib/built-in.o
 .debug_line    0x00000995      0x3c0 arch/arm/cpu/armv7/built-in.o
 .debug_line    0x00000d55      0xd1f arch/arm/cpu/armv7/zynq/built-in.o
 .debug_line    0x00001a74      0x348 board/xilinx/zynq/built-in.o
 .debug_line    0x00001dbc      0x520 common/spl/built-in.o
 .debug_line    0x000022dc     0x2290 common/built-in.o
 .debug_line    0x0000456c      0x62f disk/built-in.o
 .debug_line    0x00004b9b      0xe6f drivers/mmc/built-in.o
 .debug_line    0x00005a0a      0x56d drivers/serial/built-in.o
 .debug_line    0x00005f77      0x974 drivers/mtd/spi/built-in.o
 .debug_line    0x000068eb      0x52a drivers/spi/built-in.o
 .debug_line    0x00006e15      0xae6 fs/built-in.o
 .debug_line    0x000078fb      0x743 drivers/fpga/built-in.o
 .debug_line    0x0000803e     0x1602 lib/built-in.o
 .debug_line    0x00009640       0xf9 arch/arm/lib/eabi_compat.o

.debug_info     0x00000000    0x324c1
 .debug_info    0x00000000       0x6a arch/arm/cpu/armv7/start.o
 .debug_info    0x0000006a     0x247d arch/arm/lib/built-in.o
 .debug_info    0x000024e7      0xc88 arch/arm/cpu/armv7/built-in.o
 .debug_info    0x0000316f     0x4960 arch/arm/cpu/armv7/zynq/built-in.o
 .debug_info    0x00007acf     0x10d8 board/xilinx/zynq/built-in.o
 .debug_info    0x00008ba7     0x27fc common/spl/built-in.o
 .debug_info    0x0000b3a3     0xcf83 common/built-in.o
 .debug_info    0x00018326     0x2237 disk/built-in.o
 .debug_info    0x0001a55d     0x50db drivers/mmc/built-in.o
 .debug_info    0x0001f638     0x1949 drivers/serial/built-in.o
 .debug_info    0x00020f81     0x3584 drivers/mtd/spi/built-in.o
 .debug_info    0x00024505     0x1e20 drivers/spi/built-in.o
 .debug_info    0x00026325     0x3b6f fs/built-in.o
 .debug_info    0x00029e94     0x2f19 drivers/fpga/built-in.o
 .debug_info    0x0002cdad     0x53a5 lib/built-in.o
 .debug_info    0x00032152      0x36f arch/arm/lib/eabi_compat.o

.debug_abbrev   0x00000000     0x9fdb
 .debug_abbrev  0x00000000       0x14 arch/arm/cpu/armv7/start.o
 .debug_abbrev  0x00000014      0xa10 arch/arm/lib/built-in.o
 .debug_abbrev  0x00000a24      0x3c2 arch/arm/cpu/armv7/built-in.o
 .debug_abbrev  0x00000de6      0xfcd arch/arm/cpu/armv7/zynq/built-in.o
 .debug_abbrev  0x00001db3      0x405 board/xilinx/zynq/built-in.o
 .debug_abbrev  0x000021b8      0x919 common/spl/built-in.o
 .debug_abbrev  0x00002ad1     0x22df common/built-in.o
 .debug_abbrev  0x00004db0      0x6c1 disk/built-in.o
 .debug_abbrev  0x00005471      0xd30 drivers/mmc/built-in.o
 .debug_abbrev  0x000061a1      0x690 drivers/serial/built-in.o
 .debug_abbrev  0x00006831      0xc83 drivers/mtd/spi/built-in.o
 .debug_abbrev  0x000074b4      0x5a7 drivers/spi/built-in.o
 .debug_abbrev  0x00007a5b      0x515 fs/built-in.o
 .debug_abbrev  0x00007f70      0x949 drivers/fpga/built-in.o
 .debug_abbrev  0x000088b9     0x1606 lib/built-in.o
 .debug_abbrev  0x00009ebf      0x11c arch/arm/lib/eabi_compat.o

.debug_aranges  0x00000000     0x1548
 .debug_aranges
                0x00000000       0x20 arch/arm/cpu/armv7/start.o
 .debug_aranges
                0x00000020      0x1c8 arch/arm/lib/built-in.o
 .debug_aranges
                0x000001e8       0xe0 arch/arm/cpu/armv7/built-in.o
 .debug_aranges
                0x000002c8      0x1e8 arch/arm/cpu/armv7/zynq/built-in.o
 .debug_aranges
                0x000004b0       0x68 board/xilinx/zynq/built-in.o
 .debug_aranges
                0x00000518       0xa0 common/spl/built-in.o
 .debug_aranges
                0x000005b8      0x508 common/built-in.o
 .debug_aranges
                0x00000ac0       0xa0 disk/built-in.o
 .debug_aranges
                0x00000b60      0x190 drivers/mmc/built-in.o
 .debug_aranges
                0x00000cf0      0x120 drivers/serial/built-in.o
 .debug_aranges
                0x00000e10      0x118 drivers/mtd/spi/built-in.o
 .debug_aranges
                0x00000f28       0x98 drivers/spi/built-in.o
 .debug_aranges
                0x00000fc0      0x118 fs/built-in.o
 .debug_aranges
                0x000010d8       0xf8 drivers/fpga/built-in.o
 .debug_aranges
                0x000011d0      0x348 lib/built-in.o
 .debug_aranges
                0x00001518       0x30 arch/arm/lib/eabi_compat.o

.debug_frame    0x00000000     0x35c4
 .debug_frame   0x00000000      0x2e4 arch/arm/lib/built-in.o
 .debug_frame   0x000002e4      0x170 arch/arm/cpu/armv7/built-in.o
 .debug_frame   0x00000454      0x3d0 arch/arm/cpu/armv7/zynq/built-in.o
 .debug_frame   0x00000824       0xb8 board/xilinx/zynq/built-in.o
 .debug_frame   0x000008dc      0x144 common/spl/built-in.o
 .debug_frame   0x00000a20      0xe9c common/built-in.o
 .debug_frame   0x000018bc      0x20c disk/built-in.o
 .debug_frame   0x00001ac8      0x48c drivers/mmc/built-in.o
 .debug_frame   0x00001f54      0x2d0 drivers/serial/built-in.o
 .debug_frame   0x00002224      0x2c4 drivers/mtd/spi/built-in.o
 .debug_frame   0x000024e8      0x158 drivers/spi/built-in.o
 .debug_frame   0x00002640      0x414 fs/built-in.o
 .debug_frame   0x00002a54      0x2a0 drivers/fpga/built-in.o
 .debug_frame   0x00002cf4      0x870 lib/built-in.o
 .debug_frame   0x00003564       0x40 arch/arm/lib/eabi_compat.o
 .debug_frame   0x000035a4       0x20 /opt/Xilinx/SDK/2015.4/gnu/arm/lin/bin/../lib/gcc/arm-xilinx-linux-gnueabi/4.9.2/libgcc.a(_udivsi3.o)

.debug_str      0x00000000     0x62bc
 .debug_str     0x00000000      0x8ff arch/arm/lib/built-in.o
                               0x1c88 (size before relaxing)
 .debug_str     0x000008ff      0x19d arch/arm/cpu/armv7/built-in.o
                                0xd67 (size before relaxing)
 .debug_str     0x00000a9c      0xb89 arch/arm/cpu/armv7/zynq/built-in.o
                               0x2db5 (size before relaxing)
 .debug_str     0x00001625      0x3e4 board/xilinx/zynq/built-in.o
                                0xd28 (size before relaxing)
 .debug_str     0x00001a09      0x4e6 common/spl/built-in.o
                               0x1959 (size before relaxing)
 .debug_str     0x00001eef     0x2348 common/built-in.o
                               0x78df (size before relaxing)
 .debug_str     0x00004237      0x2e0 disk/built-in.o
                                0xe2c (size before relaxing)
 .debug_str     0x00004517      0x506 drivers/mmc/built-in.o
                               0x1a3a (size before relaxing)
 .debug_str     0x00004a1d      0x311 drivers/serial/built-in.o
                                0xe58 (size before relaxing)
 .debug_str     0x00004d2e      0x489 drivers/mtd/spi/built-in.o
                               0x1f79 (size before relaxing)
 .debug_str     0x000051b7      0x350 drivers/spi/built-in.o
                                0xf2d (size before relaxing)
 .debug_str     0x00005507      0x6cb fs/built-in.o
                                0xd0d (size before relaxing)
 .debug_str     0x00005bd2      0x224 drivers/fpga/built-in.o
                               0x1620 (size before relaxing)
 .debug_str     0x00005df6      0x470 lib/built-in.o
                               0x328c (size before relaxing)
 .debug_str     0x00006266       0x56 arch/arm/lib/eabi_compat.o
                                0x3fe (size before relaxing)

.debug_loc      0x00000000    0x16032
 .debug_loc     0x00000000      0x390 arch/arm/lib/built-in.o
 .debug_loc     0x00000390       0xa2 arch/arm/cpu/armv7/built-in.o
 .debug_loc     0x00000432      0xe65 arch/arm/cpu/armv7/zynq/built-in.o
 .debug_loc     0x00001297      0x193 board/xilinx/zynq/built-in.o
 .debug_loc     0x0000142a      0x51e common/spl/built-in.o
 .debug_loc     0x00001948     0x5864 common/built-in.o
 .debug_loc     0x000071ac     0x10e2 disk/built-in.o
 .debug_loc     0x0000828e     0x25ed drivers/mmc/built-in.o
 .debug_loc     0x0000a87b      0x33f drivers/serial/built-in.o
 .debug_loc     0x0000abba     0x1296 drivers/mtd/spi/built-in.o
 .debug_loc     0x0000be50      0xcd6 drivers/spi/built-in.o
 .debug_loc     0x0000cb26     0x3d42 fs/built-in.o
 .debug_loc     0x00010868     0x15d1 drivers/fpga/built-in.o
 .debug_loc     0x00011e39     0x41d8 lib/built-in.o
 .debug_loc     0x00016011       0x21 arch/arm/lib/eabi_compat.o

.debug_ranges   0x00000000     0x2360
 .debug_ranges  0x00000000      0x120 arch/arm/lib/built-in.o
 .debug_ranges  0x00000120       0xb0 arch/arm/cpu/armv7/built-in.o
 .debug_ranges  0x000001d0      0x6b8 arch/arm/cpu/armv7/zynq/built-in.o
 .debug_ranges  0x00000888       0x88 board/xilinx/zynq/built-in.o
 .debug_ranges  0x00000910       0xa8 common/spl/built-in.o
 .debug_ranges  0x000009b8      0x670 common/built-in.o
 .debug_ranges  0x00001028      0x110 disk/built-in.o
 .debug_ranges  0x00001138      0x360 drivers/mmc/built-in.o
 .debug_ranges  0x00001498      0x130 drivers/serial/built-in.o
 .debug_ranges  0x000015c8      0x1c8 drivers/mtd/spi/built-in.o
 .debug_ranges  0x00001790      0x1e8 drivers/spi/built-in.o
 .debug_ranges  0x00001978      0x318 fs/built-in.o
 .debug_ranges  0x00001c90      0x190 drivers/fpga/built-in.o
 .debug_ranges  0x00001e20      0x520 lib/built-in.o
 .debug_ranges  0x00002340       0x20 arch/arm/lib/eabi_compat.o
